Component: Arm Compiler for Embedded 6.22 Tool: armlink [5ee90200]

==============================================================================

Section Cross References

    gd32f4xx_it.o(.text) refers (Special) to systick_wrapper_ual.o(.text) for __ensure_systick_wrapper
    gd32f4xx_it.o(.text.NMI_Handler) refers (Special) to systick_wrapper_ual.o(.text) for __ensure_systick_wrapper
    gd32f4xx_it.o(.ARM.exidx.text.NMI_Handler) refers (Special) to systick_wrapper_ual.o(.text) for __ensure_systick_wrapper
    gd32f4xx_it.o(.ARM.exidx.text.NMI_Handler) refers to gd32f4xx_it.o(.text.NMI_Handler) for [Anonymous Symbol]
    gd32f4xx_it.o(.text.HardFault_Handler) refers (Special) to systick_wrapper_ual.o(.text) for __ensure_systick_wrapper
    gd32f4xx_it.o(.ARM.exidx.text.HardFault_Handler) refers (Special) to systick_wrapper_ual.o(.text) for __ensure_systick_wrapper
    gd32f4xx_it.o(.ARM.exidx.text.HardFault_Handler) refers to gd32f4xx_it.o(.text.HardFault_Handler) for [Anonymous Symbol]
    gd32f4xx_it.o(.text.MemManage_Handler) refers (Special) to systick_wrapper_ual.o(.text) for __ensure_systick_wrapper
    gd32f4xx_it.o(.ARM.exidx.text.MemManage_Handler) refers (Special) to systick_wrapper_ual.o(.text) for __ensure_systick_wrapper
    gd32f4xx_it.o(.ARM.exidx.text.MemManage_Handler) refers to gd32f4xx_it.o(.text.MemManage_Handler) for [Anonymous Symbol]
    gd32f4xx_it.o(.text.BusFault_Handler) refers (Special) to systick_wrapper_ual.o(.text) for __ensure_systick_wrapper
    gd32f4xx_it.o(.ARM.exidx.text.BusFault_Handler) refers (Special) to systick_wrapper_ual.o(.text) for __ensure_systick_wrapper
    gd32f4xx_it.o(.ARM.exidx.text.BusFault_Handler) refers to gd32f4xx_it.o(.text.BusFault_Handler) for [Anonymous Symbol]
    gd32f4xx_it.o(.text.UsageFault_Handler) refers (Special) to systick_wrapper_ual.o(.text) for __ensure_systick_wrapper
    gd32f4xx_it.o(.ARM.exidx.text.UsageFault_Handler) refers (Special) to systick_wrapper_ual.o(.text) for __ensure_systick_wrapper
    gd32f4xx_it.o(.ARM.exidx.text.UsageFault_Handler) refers to gd32f4xx_it.o(.text.UsageFault_Handler) for [Anonymous Symbol]
    gd32f4xx_it.o(.text.SVC_Handler) refers (Special) to systick_wrapper_ual.o(.text) for __ensure_systick_wrapper
    gd32f4xx_it.o(.ARM.exidx.text.SVC_Handler) refers (Special) to systick_wrapper_ual.o(.text) for __ensure_systick_wrapper
    gd32f4xx_it.o(.ARM.exidx.text.SVC_Handler) refers to gd32f4xx_it.o(.text.SVC_Handler) for [Anonymous Symbol]
    gd32f4xx_it.o(.text.DebugMon_Handler) refers (Special) to systick_wrapper_ual.o(.text) for __ensure_systick_wrapper
    gd32f4xx_it.o(.ARM.exidx.text.DebugMon_Handler) refers (Special) to systick_wrapper_ual.o(.text) for __ensure_systick_wrapper
    gd32f4xx_it.o(.ARM.exidx.text.DebugMon_Handler) refers to gd32f4xx_it.o(.text.DebugMon_Handler) for [Anonymous Symbol]
    gd32f4xx_it.o(.text.PendSV_Handler) refers (Special) to systick_wrapper_ual.o(.text) for __ensure_systick_wrapper
    gd32f4xx_it.o(.ARM.exidx.text.PendSV_Handler) refers (Special) to systick_wrapper_ual.o(.text) for __ensure_systick_wrapper
    gd32f4xx_it.o(.ARM.exidx.text.PendSV_Handler) refers to gd32f4xx_it.o(.text.PendSV_Handler) for [Anonymous Symbol]
    gd32f4xx_it.o(.text.USART0_IRQHandler) refers (Special) to systick_wrapper_ual.o(.text) for __ensure_systick_wrapper
    gd32f4xx_it.o(.text.USART0_IRQHandler) refers to gd32f4xx_usart.o(.text.usart_interrupt_flag_get) for usart_interrupt_flag_get
    gd32f4xx_it.o(.text.USART0_IRQHandler) refers to gd32f4xx_usart.o(.text.usart_data_receive) for usart_data_receive
    gd32f4xx_it.o(.text.USART0_IRQHandler) refers to gd32f4xx_dma.o(.text.dma_channel_disable) for dma_channel_disable
    gd32f4xx_it.o(.text.USART0_IRQHandler) refers to gd32f4xx_dma.o(.text.dma_transfer_number_get) for dma_transfer_number_get
    gd32f4xx_it.o(.text.USART0_IRQHandler) refers to usart_app.o(.bss.uart_dma_buffer) for uart_dma_buffer
    gd32f4xx_it.o(.text.USART0_IRQHandler) refers to memseta.o(.text) for __aeabi_memclr
    gd32f4xx_it.o(.text.USART0_IRQHandler) refers to mcu_cmic_gd32f470vet6.o(.bss.usart0_rxbuffer) for usart0_rxbuffer
    gd32f4xx_it.o(.text.USART0_IRQHandler) refers to memcpya.o(.text) for __aeabi_memcpy
    gd32f4xx_it.o(.text.USART0_IRQHandler) refers to usart_app.o(.bss.rx_flag) for rx_flag
    gd32f4xx_it.o(.text.USART0_IRQHandler) refers to gd32f4xx_dma.o(.text.dma_flag_clear) for dma_flag_clear
    gd32f4xx_it.o(.text.USART0_IRQHandler) refers to gd32f4xx_dma.o(.text.dma_transfer_number_config) for dma_transfer_number_config
    gd32f4xx_it.o(.text.USART0_IRQHandler) refers to gd32f4xx_dma.o(.text.dma_channel_enable) for dma_channel_enable
    gd32f4xx_it.o(.ARM.exidx.text.USART0_IRQHandler) refers (Special) to systick_wrapper_ual.o(.text) for __ensure_systick_wrapper
    gd32f4xx_it.o(.ARM.exidx.text.USART0_IRQHandler) refers to gd32f4xx_it.o(.text.USART0_IRQHandler) for [Anonymous Symbol]
[...]
    UART3_IRQHandler                         0x080001df   Thumb Code     0  startup_gd32f450_470.o(.text)
    UART4_IRQHandler                         0x080001df   Thumb Code     0  startup_gd32f450_470.o(.text)
    UART6_IRQHandler                         0x080001df   Thumb Code     0  startup_gd32f450_470.o(.text)
    UART7_IRQHandler                         0x080001df   Thumb Code     0  startup_gd32f450_470.o(.text)
    USART1_IRQHandler                        0x080001df   Thumb Code     0  startup_gd32f450_470.o(.text)
    USART2_IRQHandler                        0x080001df   Thumb Code     0  startup_gd32f450_470.o(.text)
    USART5_IRQHandler                        0x080001df   Thumb Code     0  startup_gd32f450_470.o(.text)
    USBFS_IRQHandler                         0x080001df   Thumb Code     0  startup_gd32f450_470.o(.text)
    USBFS_WKUP_IRQHandler                    0x080001df   Thumb Code     0  startup_gd32f450_470.o(.text)
    USBHS_EP1_In_IRQHandler                  0x080001df   Thumb Code     0  startup_gd32f450_470.o(.text)
    USBHS_EP1_Out_IRQHandler                 0x080001df   Thumb Code     0  startup_gd32f450_470.o(.text)
    USBHS_IRQHandler                         0x080001df   Thumb Code     0  startup_gd32f450_470.o(.text)
    USBHS_WKUP_IRQHandler                    0x080001df   Thumb Code     0  startup_gd32f450_470.o(.text)
    WWDGT_IRQHandler                         0x080001df   Thumb Code     0  startup_gd32f450_470.o(.text)
    SysTick_Handler                          0x080001e9   Thumb Code    18  systick_wrapper_ual.o(.text)
    __ensure_systick_wrapper                 0x08000205   Thumb Code     4  systick_wrapper_ual.o(.text)
    __perfc_port_set_sp                      0x08000209   Thumb Code     4  systick_wrapper_ual.o(.text)
    __aeabi_ldivmod                          0x0800020d   Thumb Code    98  ldiv.o(.text)
    __aeabi_memcpy                           0x0800026f   Thumb Code    36  memcpya.o(.text)
    __aeabi_memcpy4                          0x0800026f   Thumb Code     0  memcpya.o(.text)
    __aeabi_memcpy8                          0x0800026f   Thumb Code     0  memcpya.o(.text)
    __aeabi_memset                           0x08000293   Thumb Code    14  memseta.o(.text)
    __aeabi_memset4                          0x08000293   Thumb Code     0  memseta.o(.text)
    __aeabi_memset8                          0x08000293   Thumb Code     0  memseta.o(.text)
    __aeabi_memclr                           0x080002a1   Thumb Code     4  memseta.o(.text)
    __aeabi_memclr4                          0x080002a1   Thumb Code     0  memseta.o(.text)
    __aeabi_memclr8                          0x080002a1   Thumb Code     0  memseta.o(.text)
    _memset$wrapper                          0x080002a5   Thumb Code    18  memseta.o(.text)
    strlen                                   0x080002b7   Thumb Code    14  strlen.o(.text)
    memcmp                                   0x080002c5   Thumb Code    26  memcmp.o(.text)
    __cpp_initialize__aeabi_                 0x080002e1   Thumb Code    32  cpp_init.o(.text)
    __aeabi_f2d                              0x08000309   Thumb Code    38  f2d.o(.text)
    __aeabi_uidiv                            0x0800032f   Thumb Code     0  uidiv.o(.text)
    __aeabi_uidivmod                         0x0800032f   Thumb Code    44  uidiv.o(.text)
    __aeabi_uldivmod                         0x0800035b   Thumb Code    98  uldiv.o(.text)
    __I$use$fp                               0x080003bd   Thumb Code     0  iusefp.o(.text)
    __aeabi_dadd                             0x080003bd   Thumb Code   322  dadd.o(.text)
    __aeabi_dsub                             0x080004ff   Thumb Code     6  dadd.o(.text)
    __aeabi_drsub                            0x08000505   Thumb Code     6  dadd.o(.text)
    __aeabi_dmul                             0x0800050b   Thumb Code   228  dmul.o(.text)
    __aeabi_ddiv                             0x080005ef   Thumb Code   222  ddiv.o(.text)
    __aeabi_d2ulz                            0x080006cd   Thumb Code    48  dfixul.o(.text)
    __aeabi_cdrcmple                         0x080006fd   Thumb Code    48  cdrcmple.o(.text)
    __scatterload                            0x0800072d   Thumb Code    38  init.o(.text)
    __scatterload_rt2                        0x0800072d   Thumb Code     0  init.o(.text)
    __aeabi_llsl                             0x0800075d   Thumb Code    30  llshl.o(.text)
    _ll_shift_l                              0x0800075d   Thumb Code     0  llshl.o(.text)
    __aeabi_llsr                             0x0800077b   Thumb Code    32  llushr.o(.text)
    _ll_ushift_r                             0x0800077b   Thumb Code     0  llushr.o(.text)
    __aeabi_lasr                             0x0800079b   Thumb Code    36  llsshr.o(.text)
    _ll_sshift_r                             0x0800079b   Thumb Code     0  llsshr.o(.text)
    _double_round                            0x080007bf   Thumb Code    30  depilogue.o(.text)
    _double_epilogue                         0x080007dd   Thumb Code   156  depilogue.o(.text)
    __decompress                             0x08000879   Thumb Code     0  __dczerorl2.o(.text)
    __decompress1                            0x08000879   Thumb Code    86  __dczerorl2.o(.text)
    BusFault_Handler                         0x080008d1   Thumb Code     2  gd32f4xx_it.o(.text.BusFault_Handler)
    DebugMon_Handler                         0x080008d5   Thumb Code     2  gd32f4xx_it.o(.text.DebugMon_Handler)
    EXTI0_IRQHandler                         0x080008d9   Thumb Code    24  gd32f4xx_it.o(.text.EXTI0_IRQHandler)
    GD30AD3344_Init                          0x080008f1   Thumb Code   188  gd30ad3344.o(.text.GD30AD3344_Init)
    HardFault_Handler                        0x080009b5   Thumb Code     2  gd32f4xx_it.o(.text.HardFault_Handler)
    MemManage_Handler                        0x08000abd   Thumb Code     2  gd32f4xx_it.o(.text.MemManage_Handler)
    NMI_Handler                              0x08000ac1   Thumb Code     2  gd32f4xx_it.o(.text.NMI_Handler)
    OLED_Display_Off                         0x08000ac5   Thumb Code    24  oled.o(.text.OLED_Display_Off)
    OLED_Init                                0x08000add   Thumb Code   140  oled.o(.text.OLED_Init)
    OLED_ShowChar                            0x08000b69   Thumb Code   170  oled.o(.text.OLED_ShowChar)
    OLED_ShowStr                             0x08000c15   Thumb Code    64  oled.o(.text.OLED_ShowStr)
    OLED_Write_cmd                           0x08000c55   Thumb Code   454  oled.o(.text.OLED_Write_cmd)
    OLED_Write_data                          0x08000e1d   Thumb Code   454  oled.o(.text.OLED_Write_data)
    PendSV_Handler                           0x08000fe5   Thumb Code     2  gd32f4xx_it.o(.text.PendSV_Handler)
    SDIO_IRQHandler                          0x08000fe9   Thumb Code     4  gd32f4xx_it.o(.text.SDIO_IRQHandler)
    SVC_Handler                              0x08000fed   Thumb Code     2  gd32f4xx_it.o(.text.SVC_Handler)
    $Super$$SysTick_Handler                  0x08000ff1   Thumb Code     4  gd32f4xx_it.o(.text.SysTick_Handler)
    SystemCoreClockUpdate                    0x08000ff5   Thumb Code   124  system_gd32f4xx.o(.text.SystemCoreClockUpdate)
    SystemInit                               0x08001081   Thumb Code   550  system_gd32f4xx.o(.text.SystemInit)
    USART0_IRQHandler                        0x080012a9   Thumb Code   178  gd32f4xx_it.o(.text.USART0_IRQHandler)
    UsageFault_Handler                       0x0800135d   Thumb Code     2  gd32f4xx_it.o(.text.UsageFault_Handler)
    __perf_counter_init                      0x08001361   Thumb Code    54  perf_counter.o(.text.__perf_counter_init)
    __perf_os_patch_init                     0x08001399   Thumb Code     2  perf_counter.o(.text.__perf_os_patch_init)
    adc_calibration_enable                   0x0800139d   Thumb Code    32  gd32f4xx_adc.o(.text.adc_calibration_enable)
    adc_channel_length_config                0x080013bd   Thumb Code    70  gd32f4xx_adc.o(.text.adc_channel_length_config)
    adc_clock_config                         0x08001405   Thumb Code    24  gd32f4xx_adc.o(.text.adc_clock_config)
    adc_data_alignment_config                0x0800141d   Thumb Code    18  gd32f4xx_adc.o(.text.adc_data_alignment_config)
    adc_disable                              0x08001431   Thumb Code    10  gd32f4xx_adc.o(.text.adc_disable)
    adc_dma_mode_disable                     0x0800143d   Thumb Code    10  gd32f4xx_adc.o(.text.adc_dma_mode_disable)
    adc_dma_mode_enable                      0x08001449   Thumb Code    10  gd32f4xx_adc.o(.text.adc_dma_mode_enable)
    adc_dma_request_after_last_enable        0x08001455   Thumb Code    10  gd32f4xx_adc.o(.text.adc_dma_request_after_last_enable)
    adc_enable                               0x08001461   Thumb Code    18  gd32f4xx_adc.o(.text.adc_enable)
    adc_external_trigger_config              0x08001475   Thumb Code    46  gd32f4xx_adc.o(.text.adc_external_trigger_config)
    adc_external_trigger_source_config       0x080014a5   Thumb Code    34  gd32f4xx_adc.o(.text.adc_external_trigger_source_config)
    adc_routine_channel_config               0x080014c9   Thumb Code   116  gd32f4xx_adc.o(.text.adc_routine_channel_config)
    adc_software_trigger_enable              0x0800153d   Thumb Code    28  gd32f4xx_adc.o(.text.adc_software_trigger_enable)
    adc_special_function_config              0x08001559   Thumb Code    90  gd32f4xx_adc.o(.text.adc_special_function_config)
    adc_sync_mode_config                     0x080015b5   Thumb Code    24  gd32f4xx_adc.o(.text.adc_sync_mode_config)
    adc_task                                 0x080015cd   Thumb Code    40  adc_app.o(.text.adc_task)
    app_btn_init                             0x080015f5   Thumb Code    46  btn_app.o(.text.app_btn_init)
    before_cycle_counter_reconfiguration     0x08001625   Thumb Code    80  perf_counter.o(.text.before_cycle_counter_reconfiguration)
    bsp_adc_init                             0x08001675   Thumb Code   280  mcu_cmic_gd32f470vet6.o(.text.bsp_adc_init)
    bsp_btn_init                             0x0800178d   Thumb Code    78  mcu_cmic_gd32f470vet6.o(.text.bsp_btn_init)
    bsp_dac_init                             0x080017dd   Thumb Code   152  mcu_cmic_gd32f470vet6.o(.text.bsp_dac_init)
    bsp_enter_deepsleep                      0x08001875   Thumb Code  1166  mcu_cmic_gd32f470vet6.o(.text.bsp_enter_deepsleep)
    bsp_gd25qxx_init                         0x08001d05   Thumb Code   156  mcu_cmic_gd32f470vet6.o(.text.bsp_gd25qxx_init)
    bsp_gd30ad3344_init                      0x08001da1   Thumb Code   150  mcu_cmic_gd32f470vet6.o(.text.bsp_gd30ad3344_init)
    bsp_led_init                             0x08001e39   Thumb Code    88  mcu_cmic_gd32f470vet6.o(.text.bsp_led_init)
    bsp_oled_init                            0x08001e91   Thumb Code   270  mcu_cmic_gd32f470vet6.o(.text.bsp_oled_init)
    bsp_rtc_init                             0x08001fa1   Thumb Code   174  mcu_cmic_gd32f470vet6.o(.text.bsp_rtc_init)
    bsp_usart0_init                          0x08002051   Thumb Code   276  mcu_cmic_gd32f470vet6.o(.text.bsp_usart0_init)
    bsp_usart_init                           0x08002165   Thumb Code     4  mcu_cmic_gd32f470vet6.o(.text.bsp_usart_init)
    btn_task                                 0x08002169   Thumb Code    18  btn_app.o(.text.btn_task)
    card_info_get                            0x0800217d   Thumb Code   332  sd_app.o(.text.card_info_get)
    dac_deinit                               0x080026f5   Thumb Code    36  gd32f4xx_dac.o(.text.dac_deinit)
    dac_disable                              0x08002719   Thumb Code    26  gd32f4xx_dac.o(.text.dac_disable)
    dac_dma_disable                          0x08002735   Thumb Code    26  gd32f4xx_dac.o(.text.dac_dma_disable)
    dac_enable                               0x08002751   Thumb Code    24  gd32f4xx_dac.o(.text.dac_enable)
    dac_trigger_enable                       0x08002769   Thumb Code    24  gd32f4xx_dac.o(.text.dac_trigger_enable)
    dac_trigger_source_config                0x08002781   Thumb Code    36  gd32f4xx_dac.o(.text.dac_trigger_source_config)
    dac_wave_mode_config                     0x080027a5   Thumb Code    36  gd32f4xx_dac.o(.text.dac_wave_mode_config)
    delay_1ms                                0x080027c9   Thumb Code    20  systick.o(.text.delay_1ms)
    delay_decrement                          0x080027dd   Thumb Code    24  systick.o(.text.delay_decrement)
    disk_initialize                          0x08002e11   Thumb Code    92  diskio.o(.text.disk_initialize)
    disk_ioctl                               0x08002e6d   Thumb Code     4  diskio.o(.text.disk_ioctl)
    disk_read                                0x08002e71   Thumb Code    64  diskio.o(.text.disk_read)
    disk_status                              0x08002eb1   Thumb Code     8  diskio.o(.text.disk_status)
    disk_write                               0x08002eb9   Thumb Code    64  diskio.o(.text.disk_write)
    dma_channel_disable                      0x08002ef9   Thumb Code    18  gd32f4xx_dma.o(.text.dma_channel_disable)
    dma_channel_enable                       0x08002f0d   Thumb Code    18  gd32f4xx_dma.o(.text.dma_channel_enable)
    dma_channel_subperipheral_select         0x08002f21   Thumb Code    22  gd32f4xx_dma.o(.text.dma_channel_subperipheral_select)
    dma_circulation_disable                  0x08002f39   Thumb Code    18  gd32f4xx_dma.o(.text.dma_circulation_disable)
    dma_circulation_enable                   0x08002f4d   Thumb Code    18  gd32f4xx_dma.o(.text.dma_circulation_enable)
    dma_deinit                               0x08002f61   Thumb Code    78  gd32f4xx_dma.o(.text.dma_deinit)
    dma_flag_clear                           0x08002fb1   Thumb Code    54  gd32f4xx_dma.o(.text.dma_flag_clear)
    dma_flag_get                             0x08002fe9   Thumb Code    40  gd32f4xx_dma.o(.text.dma_flag_get)
    dma_flow_controller_config               0x08003011   Thumb Code    24  gd32f4xx_dma.o(.text.dma_flow_controller_config)
    dma_memory_address_config                0x08003029   Thumb Code    20  gd32f4xx_dma.o(.text.dma_memory_address_config)
    dma_multi_data_mode_init                 0x0800303d   Thumb Code   146  gd32f4xx_dma.o(.text.dma_multi_data_mode_init)
    dma_single_data_mode_init                0x08003189   Thumb Code   134  gd32f4xx_dma.o(.text.dma_single_data_mode_init)
    dma_single_data_para_struct_init         0x08003211   Thumb Code    24  gd32f4xx_dma.o(.text.dma_single_data_para_struct_init)
    dma_transfer_number_config               0x080032e1   Thumb Code    12  gd32f4xx_dma.o(.text.dma_transfer_number_config)
    dma_transfer_number_get                  0x080032ed   Thumb Code    12  gd32f4xx_dma.o(.text.dma_transfer_number_get)
    ebtn_init                                0x080032f9   Thumb Code    96  ebtn.o(.text.ebtn_init)
    ebtn_process                             0x08003359   Thumb Code   154  ebtn.o(.text.ebtn_process)
    ebtn_process_with_curr_state             0x080034bd   Thumb Code   506  ebtn.o(.text.ebtn_process_with_curr_state)
    exti_init                                0x080036b9   Thumb Code   156  gd32f4xx_exti.o(.text.exti_init)
    exti_interrupt_flag_clear                0x08003755   Thumb Code    12  gd32f4xx_exti.o(.text.exti_interrupt_flag_clear)
    exti_interrupt_flag_get                  0x08003761   Thumb Code    18  gd32f4xx_exti.o(.text.exti_interrupt_flag_get)
    f_close                                  0x08003775   Thumb Code    18  ff.o(.text.f_close)
    f_mount                                  0x08003789   Thumb Code    40  ff.o(.text.f_mount)
    f_open                                   0x080037b1   Thumb Code   440  ff.o(.text.f_open)
    f_read                                   0x08003969   Thumb Code   452  ff.o(.text.f_read)
    f_sync                                   0x08003b2d   Thumb Code   176  ff.o(.text.f_sync)
    f_write                                  0x08003bdd   Thumb Code   622  ff.o(.text.f_write)
    ff_convert                               0x08003e4d   Thumb Code    76  ccsbcs.o(.text.ff_convert)
    ff_wtoupper                              0x08003e99   Thumb Code    44  ccsbcs.o(.text.ff_wtoupper)
    gd32f4xx_firmware_version_get            0x080041b5   Thumb Code    10  system_gd32f4xx.o(.text.gd32f4xx_firmware_version_get)
    get_fat                                  0x080041c1   Thumb Code   196  ff.o(.text.get_fat)
    get_fattime                              0x08004285   Thumb Code     4  diskio.o(.text.get_fattime)
    get_system_ticks                         0x08004289   Thumb Code   164  perf_counter.o(.text.get_system_ticks)
    gpio_af_set                              0x0800432d   Thumb Code   110  gd32f4xx_gpio.o(.text.gpio_af_set)
    gpio_bit_reset                           0x0800439d   Thumb Code     4  gd32f4xx_gpio.o(.text.gpio_bit_reset)
    gpio_bit_set                             0x080043a1   Thumb Code     4  gd32f4xx_gpio.o(.text.gpio_bit_set)
    gpio_input_bit_get                       0x080043a5   Thumb Code    10  gd32f4xx_gpio.o(.text.gpio_input_bit_get)
    gpio_mode_set                            0x080043b1   Thumb Code    84  gd32f4xx_gpio.o(.text.gpio_mode_set)
    gpio_output_options_set                  0x08004405   Thumb Code    70  gd32f4xx_gpio.o(.text.gpio_output_options_set)
    i2c_ack_config                           0x0800444d   Thumb Code    12  gd32f4xx_i2c.o(.text.i2c_ack_config)
    i2c_clock_config                         0x08004459   Thumb Code   214  gd32f4xx_i2c.o(.text.i2c_clock_config)
    i2c_deinit                               0x08004531   Thumb Code    72  gd32f4xx_i2c.o(.text.i2c_deinit)
    i2c_disable                              0x08004579   Thumb Code    10  gd32f4xx_i2c.o(.text.i2c_disable)
    i2c_dma_config                           0x08004585   Thumb Code    12  gd32f4xx_i2c.o(.text.i2c_dma_config)
    i2c_enable                               0x08004591   Thumb Code    10  gd32f4xx_i2c.o(.text.i2c_enable)
    i2c_flag_clear                           0x0800459d   Thumb Code    38  gd32f4xx_i2c.o(.text.i2c_flag_clear)
    i2c_flag_get                             0x080045c5   Thumb Code    16  gd32f4xx_i2c.o(.text.i2c_flag_get)
    i2c_master_addressing                    0x080045d5   Thumb Code    14  gd32f4xx_i2c.o(.text.i2c_master_addressing)
    i2c_mode_addr_config                     0x080045e5   Thumb Code    26  gd32f4xx_i2c.o(.text.i2c_mode_addr_config)
    i2c_start_on_bus                         0x08004601   Thumb Code    10  gd32f4xx_i2c.o(.text.i2c_start_on_bus)
    i2c_stop_on_bus                          0x0800460d   Thumb Code    10  gd32f4xx_i2c.o(.text.i2c_stop_on_bus)
    led_task                                 0x08004619   Thumb Code   162  led_app.o(.text.led_task)
    main                                     0x080046bd   Thumb Code   208  main.o(.text.main)
    my_printf                                0x08004899   Thumb Code   106  usart_app.o(.text.my_printf)
    nvic_irq_disable                         0x08004905   Thumb Code    42  gd32f4xx_misc.o(.text.nvic_irq_disable)
    nvic_irq_enable                          0x08004931   Thumb Code   146  gd32f4xx_misc.o(.text.nvic_irq_enable)
    nvic_vector_table_set                    0x080049c5   Thumb Code    28  gd32f4xx_misc.o(.text.nvic_vector_table_set)
    oled_printf                              0x080049e1   Thumb Code    58  oled_app.o(.text.oled_printf)
    oled_task                                0x08004a1d   Thumb Code   208  oled_app.o(.text.oled_task)
    perfc_convert_ticks_to_ms                0x08004b35   Thumb Code    20  perf_counter.o(.text.perfc_convert_ticks_to_ms)
    perfc_delay_ms                           0x08004b49   Thumb Code    94  perf_counter.o(.text.perfc_delay_ms)
    perfc_delay_ms_user_code_in_loop         0x08004ba9   Thumb Code     4  perf_counter.o(.text.perfc_delay_ms_user_code_in_loop)
    perfc_init                               0x08004bad   Thumb Code    54  perf_counter.o(.text.perfc_init)
    perfc_port_clear_system_timer_counter    0x08004be5   Thumb Code    14  perfc_port_default.o(.text.perfc_port_clear_system_timer_counter)
    perfc_port_clear_system_timer_ovf_pending 0x08004bf5   Thumb Code    16  perfc_port_default.o(.text.perfc_port_clear_system_timer_ovf_pending)
    perfc_port_get_system_timer_elapsed      0x08004c05   Thumb Code    24  perfc_port_default.o(.text.perfc_port_get_system_timer_elapsed)
    perfc_port_get_system_timer_freq         0x08004c1d   Thumb Code    12  perfc_port_default.o(.text.perfc_port_get_system_timer_freq)
    perfc_port_get_system_timer_top          0x08004c29   Thumb Code    14  perfc_port_default.o(.text.perfc_port_get_system_timer_top)
    perfc_port_init_system_timer             0x08004c39   Thumb Code    56  perfc_port_default.o(.text.perfc_port_init_system_timer)
    perfc_port_insert_to_system_timer_insert_ovf_handler 0x08004c71   Thumb Code    44  perf_counter.o(.text.perfc_port_insert_to_system_timer_insert_ovf_handler)
    perfc_port_is_system_timer_ovf_pending   0x08004c9d   Thumb Code    16  perfc_port_default.o(.text.perfc_port_is_system_timer_ovf_pending)
    perfc_port_stop_system_timer_counting    0x08004cad   Thumb Code    18  perfc_port_default.o(.text.perfc_port_stop_system_timer_counting)
    pmu_backup_write_enable                  0x08004cc1   Thumb Code    18  gd32f4xx_pmu.o(.text.pmu_backup_write_enable)
    pmu_flag_clear                           0x08004cd5   Thumb Code    30  gd32f4xx_pmu.o(.text.pmu_flag_clear)
    pmu_to_deepsleepmode                     0x08004cf5   Thumb Code   250  gd32f4xx_pmu.o(.text.pmu_to_deepsleepmode)
    prv_btn_event                            0x08004df1   Thumb Code   118  btn_app.o(.text.prv_btn_event)
    prv_btn_get_state                        0x08004e69   Thumb Code   128  btn_app.o(.text.prv_btn_get_state)
    put_fat                                  0x080051c1   Thumb Code   274  ff.o(.text.put_fat)
    rcu_all_reset_flag_clear                 0x080053d1   Thumb Code    18  gd32f4xx_rcu.o(.text.rcu_all_reset_flag_clear)
    rcu_clock_freq_get                       0x080053e5   Thumb Code   172  gd32f4xx_rcu.o(.text.rcu_clock_freq_get)
    rcu_osci_on                              0x080054a1   Thumb Code    30  gd32f4xx_rcu.o(.text.rcu_osci_on)
    rcu_osci_stab_wait                       0x080054c1   Thumb Code   452  gd32f4xx_rcu.o(.text.rcu_osci_stab_wait)
    rcu_periph_clock_enable                  0x08005685   Thumb Code    30  gd32f4xx_rcu.o(.text.rcu_periph_clock_enable)
    rcu_periph_reset_disable                 0x080056a5   Thumb Code    32  gd32f4xx_rcu.o(.text.rcu_periph_reset_disable)
    rcu_periph_reset_enable                  0x080056c5   Thumb Code    30  gd32f4xx_rcu.o(.text.rcu_periph_reset_enable)
    rcu_rtc_clock_config                     0x080056e5   Thumb Code    20  gd32f4xx_rcu.o(.text.rcu_rtc_clock_config)
    rtc_current_time_get                     0x080056f9   Thumb Code    92  gd32f4xx_rtc.o(.text.rtc_current_time_get)
    rtc_init                                 0x08005755   Thumb Code   268  gd32f4xx_rtc.o(.text.rtc_init)
    rtc_register_sync_wait                   0x08005861   Thumb Code    76  gd32f4xx_rtc.o(.text.rtc_register_sync_wait)
    rtc_task                                 0x080058ad   Thumb Code    44  rtc_app.o(.text.rtc_task)
    scheduler_init                           0x080058ed   Thumb Code    14  scheduler.o(.text.scheduler_init)
    scheduler_run                            0x080058fd   Thumb Code    78  scheduler.o(.text.scheduler_run)
    sd_block_read                            0x0800594d   Thumb Code   534  sdio_sdcard.o(.text.sd_block_read)
    sd_block_write                           0x08005b65   Thumb Code   840  sdio_sdcard.o(.text.sd_block_write)
    sd_bus_mode_config                       0x08005ead   Thumb Code   116  sdio_sdcard.o(.text.sd_bus_mode_config)
    sd_card_capacity_get                     0x0800610d   Thumb Code   110  sdio_sdcard.o(.text.sd_card_capacity_get)
    sd_card_information_get                  0x0800617d   Thumb Code   660  sdio_sdcard.o(.text.sd_card_information_get)
    sd_card_init                             0x08006411   Thumb Code   462  sdio_sdcard.o(.text.sd_card_init)
    sd_card_select_deselect                  0x080065e1   Thumb Code    32  sdio_sdcard.o(.text.sd_card_select_deselect)
    sd_cardstatus_get                        0x08006759   Thumb Code    70  sdio_sdcard.o(.text.sd_cardstatus_get)
    sd_fatfs_init                            0x080067a1   Thumb Code    10  sd_app.o(.text.sd_fatfs_init)
    sd_fatfs_test                            0x080067ad   Thumb Code   716  sd_app.o(.text.sd_fatfs_test)
    sd_init                                  0x08006b09   Thumb Code   198  sdio_sdcard.o(.text.sd_init)
    sd_interrupts_process                    0x08006bd1   Thumb Code   312  sdio_sdcard.o(.text.sd_interrupts_process)
    sd_multiblocks_read                      0x08006d09   Thumb Code   676  sdio_sdcard.o(.text.sd_multiblocks_read)
    sd_multiblocks_write                     0x08006fad   Thumb Code   898  sdio_sdcard.o(.text.sd_multiblocks_write)
    sd_power_off                             0x08007331   Thumb Code    12  sdio_sdcard.o(.text.sd_power_off)
    sd_power_on                              0x0800733d   Thumb Code   414  sdio_sdcard.o(.text.sd_power_on)
    sd_transfer_mode_config                  0x080074dd   Thumb Code    22  sdio_sdcard.o(.text.sd_transfer_mode_config)
    sdio_bus_mode_set                        0x080074f5   Thumb Code    24  gd32f4xx_sdio.o(.text.sdio_bus_mode_set)
    sdio_clock_config                        0x0800750d   Thumb Code    54  gd32f4xx_sdio.o(.text.sdio_clock_config)
    sdio_clock_disable                       0x08007545   Thumb Code    18  gd32f4xx_sdio.o(.text.sdio_clock_disable)
    sdio_clock_enable                        0x08007559   Thumb Code    18  gd32f4xx_sdio.o(.text.sdio_clock_enable)
    sdio_command_index_get                   0x0800756d   Thumb Code    14  gd32f4xx_sdio.o(.text.sdio_command_index_get)
    sdio_command_response_config             0x0800757d   Thumb Code    54  gd32f4xx_sdio.o(.text.sdio_command_response_config)
    sdio_csm_enable                          0x080075b5   Thumb Code    18  gd32f4xx_sdio.o(.text.sdio_csm_enable)
    sdio_data_config                         0x080075c9   Thumb Code    62  gd32f4xx_sdio.o(.text.sdio_data_config)
    sdio_data_read                           0x08007609   Thumb Code    12  gd32f4xx_sdio.o(.text.sdio_data_read)
    sdio_data_transfer_config                0x08007615   Thumb Code    22  gd32f4xx_sdio.o(.text.sdio_data_transfer_config)
    sdio_data_write                          0x0800762d   Thumb Code    12  gd32f4xx_sdio.o(.text.sdio_data_write)
    sdio_deinit                              0x08007639   Thumb Code    22  gd32f4xx_sdio.o(.text.sdio_deinit)
    sdio_dma_disable                         0x08007651   Thumb Code    18  gd32f4xx_sdio.o(.text.sdio_dma_disable)
    sdio_dma_enable                          0x08007665   Thumb Code    18  gd32f4xx_sdio.o(.text.sdio_dma_enable)
    sdio_dsm_disable                         0x08007679   Thumb Code    18  gd32f4xx_sdio.o(.text.sdio_dsm_disable)
    sdio_dsm_enable                          0x0800768d   Thumb Code    18  gd32f4xx_sdio.o(.text.sdio_dsm_enable)
    sdio_flag_clear                          0x080076a1   Thumb Code    12  gd32f4xx_sdio.o(.text.sdio_flag_clear)
    sdio_flag_get                            0x080076ad   Thumb Code    18  gd32f4xx_sdio.o(.text.sdio_flag_get)
    sdio_hardware_clock_disable              0x080076c1   Thumb Code    18  gd32f4xx_sdio.o(.text.sdio_hardware_clock_disable)
    sdio_interrupt_disable                   0x080076d5   Thumb Code    18  gd32f4xx_sdio.o(.text.sdio_interrupt_disable)
    sdio_interrupt_enable                    0x080076e9   Thumb Code    16  gd32f4xx_sdio.o(.text.sdio_interrupt_enable)
    sdio_interrupt_flag_clear                0x080076f9   Thumb Code    12  gd32f4xx_sdio.o(.text.sdio_interrupt_flag_clear)
    sdio_interrupt_flag_get                  0x08007705   Thumb Code    18  gd32f4xx_sdio.o(.text.sdio_interrupt_flag_get)
    sdio_power_state_get                     0x08007719   Thumb Code    12  gd32f4xx_sdio.o(.text.sdio_power_state_get)
    sdio_power_state_set                     0x08007725   Thumb Code    12  gd32f4xx_sdio.o(.text.sdio_power_state_set)
    sdio_response_get                        0x08007731   Thumb Code    64  gd32f4xx_sdio.o(.text.sdio_response_get)
    sdio_wait_type_set                       0x08007771   Thumb Code    24  gd32f4xx_sdio.o(.text.sdio_wait_type_set)
    spi_disable                              0x08007789   Thumb Code    10  gd32f4xx_spi.o(.text.spi_disable)
    spi_dma_disable                          0x08007795   Thumb Code    22  gd32f4xx_spi.o(.text.spi_dma_disable)
    spi_dma_enable                           0x080077ad   Thumb Code    18  gd32f4xx_spi.o(.text.spi_dma_enable)
    spi_enable                               0x080077c1   Thumb Code    10  gd32f4xx_spi.o(.text.spi_enable)
    spi_flash_buffer_read                    0x080077cd   Thumb Code    92  gd25qxx.o(.text.spi_flash_buffer_read)
    spi_flash_init                           0x08007829   Thumb Code    32  gd25qxx.o(.text.spi_flash_init)
    spi_flash_page_write                     0x08007849   Thumb Code   150  gd25qxx.o(.text.spi_flash_page_write)
    spi_flash_sector_erase                   0x080078e1   Thumb Code   124  gd25qxx.o(.text.spi_flash_sector_erase)
    spi_flash_send_byte_dma                  0x0800795d   Thumb Code   250  gd25qxx.o(.text.spi_flash_send_byte_dma)
    spi_gd30ad3344_send_halfword_dma         0x08007a59   Thumb Code   286  gd30ad3344.o(.text.spi_gd30ad3344_send_halfword_dma)
    spi_init                                 0x08007b79   Thumb Code    52  gd32f4xx_spi.o(.text.spi_init)
    syscfg_exti_line_config                  0x08007c91   Thumb Code   132  gd32f4xx_syscfg.o(.text.syscfg_exti_line_config)
    systick_config                           0x08007d15   Thumb Code    74  systick.o(.text.systick_config)
    test_spi_flash                           0x08007d61   Thumb Code   460  gd25qxx.o(.text.test_spi_flash)
    timer_deinit                             0x08007fc1   Thumb Code   326  gd32f4xx_timer.o(.text.timer_deinit)
    timer_disable                            0x08008109   Thumb Code    10  gd32f4xx_timer.o(.text.timer_disable)
    timer_enable                             0x08008115   Thumb Code    10  gd32f4xx_timer.o(.text.timer_enable)
    timer_init                               0x08008121   Thumb Code   170  gd32f4xx_timer.o(.text.timer_init)
    timer_master_output_trigger_source_select 0x080081cd   Thumb Code    16  gd32f4xx_timer.o(.text.timer_master_output_trigger_source_select)
    timer_struct_para_init                   0x080081dd   Thumb Code    16  gd32f4xx_timer.o(.text.timer_struct_para_init)
    uart_task                                0x080081ed   Thumb Code    60  usart_app.o(.text.uart_task)
    update_perf_counter                      0x0800822d   Thumb Code   168  perf_counter.o(.text.update_perf_counter)
    usart_baudrate_set                       0x080082dd   Thumb Code   190  gd32f4xx_usart.o(.text.usart_baudrate_set)
    usart_data_receive                       0x0800839d   Thumb Code     8  gd32f4xx_usart.o(.text.usart_data_receive)
    usart_data_transmit                      0x080083a5   Thumb Code     8  gd32f4xx_usart.o(.text.usart_data_transmit)
    usart_deinit                             0x080083ad   Thumb Code   200  gd32f4xx_usart.o(.text.usart_deinit)
    usart_disable                            0x08008475   Thumb Code    10  gd32f4xx_usart.o(.text.usart_disable)
    usart_dma_receive_config                 0x08008481   Thumb Code    20  gd32f4xx_usart.o(.text.usart_dma_receive_config)
    usart_enable                             0x08008495   Thumb Code    10  gd32f4xx_usart.o(.text.usart_enable)
    usart_flag_get                           0x080084a1   Thumb Code    16  gd32f4xx_usart.o(.text.usart_flag_get)
    usart_interrupt_disable                  0x080084b1   Thumb Code    24  gd32f4xx_usart.o(.text.usart_interrupt_disable)
    usart_interrupt_enable                   0x080084c9   Thumb Code    22  gd32f4xx_usart.o(.text.usart_interrupt_enable)
    usart_interrupt_flag_get                 0x080084e1   Thumb Code    34  gd32f4xx_usart.o(.text.usart_interrupt_flag_get)
    usart_receive_config                     0x08008505   Thumb Code    12  gd32f4xx_usart.o(.text.usart_receive_config)
    usart_transmit_config                    0x08008511   Thumb Code    12  gd32f4xx_usart.o(.text.usart_transmit_config)
    __0vsnprintf                             0x0800851d   Thumb Code    46  printfa.o(i.__0vsnprintf)
    __1vsnprintf                             0x0800851d   Thumb Code     0  printfa.o(i.__0vsnprintf)
    __2vsnprintf                             0x0800851d   Thumb Code     0  printfa.o(i.__0vsnprintf)
    __c89vsnprintf                           0x0800851d   Thumb Code     0  printfa.o(i.__0vsnprintf)
    vsnprintf                                0x0800851d   Thumb Code     0  printfa.o(i.__0vsnprintf)
    __scatterload_copy                       0x08008551   Thumb Code    14  handlers.o(i.__scatterload_copy)
    __scatterload_null                       0x0800855f   Thumb Code     2  handlers.o(i.__scatterload_null)
    __scatterload_zeroinit                   0x08008561   Thumb Code    14  handlers.o(i.__scatterload_zeroinit)
    F6X8                                     0x08008e38   Data         552  oled.o(.rodata.F6X8)
    Region$$Table$$Base                      0x0800a190   Number         0  anon$$obj.o(Region$$Table)
    Region$$Table$$Limit                     0x0800a1b0   Number         0  anon$$obj.o(Region$$Table)
    SHT$$INIT_ARRAY$$Base                    0x0800a1b0   Number         0  perf_counter.o(.init_array)
    SHT$$INIT_ARRAY$$Limit                   0x0800a1b4   Number         0  cpp_init.o(.init_array)
    SystemCoreClock                          0x20000000   Data           4  system_gd32f4xx.o(.data.SystemCoreClock)
    initcmd1                                 0x200000c8   Data          22  oled.o(.data.initcmd1)
    oled_data_buf                            0x200000df   Data           2  mcu_cmic_gd32f470vet6.o(.data.oled_data_buf)
    s_oled_available                         0x200000e1   Data           1  oled.o(.data.s_oled_available)
    ucLed                                    0x20000134   Data           6  led_app.o(.data.ucLed)
    GD30AD3344_InitStruct                    0x20000146   Data           2  gd30ad3344.o(.bss.GD30AD3344_InitStruct)
    RTCSRC_FLAG                              0x20000168   Data           4  mcu_cmic_gd32f470vet6.o(.bss.RTCSRC_FLAG)
    adc_value                                0x2000016c   Data           4  mcu_cmic_gd32f470vet6.o(.bss.adc_value)
    br                                       0x20000170   Data           4  sd_app.o(.bss.br)
    buffer                                   0x20000174   Data         128  sd_app.o(.bss.buffer)
    bw                                       0x200001f4   Data           4  sd_app.o(.bss.bw)
    convertarr                               0x200001fa   Data           2  mcu_cmic_gd32f470vet6.o(.bss.convertarr)
    fdst                                     0x2000023c   Data         548  sd_app.o(.bss.fdst)
    filebuffer                               0x20000460   Data         128  sd_app.o(.bss.filebuffer)
    fs                                       0x200004e0   Data         560  sd_app.o(.bss.fs)
    g_nOffset                                0x20000710   Data           4  perf_counter.o(.bss.g_nOffset)
    oled_cmd_buf                             0x20000718   Data           2  mcu_cmic_gd32f470vet6.o(.bss.oled_cmd_buf)
    prescaler_a                              0x2000072c   Data           4  mcu_cmic_gd32f470vet6.o(.bss.prescaler_a)
    prescaler_s                              0x20000730   Data           4  mcu_cmic_gd32f470vet6.o(.bss.prescaler_s)
    result                                   0x20000734   Data           2  sd_app.o(.bss.result)
    rtc_initpara                             0x20000738   Data          20  mcu_cmic_gd32f470vet6.o(.bss.rtc_initpara)
    rx_flag                                  0x2000074c   Data           1  usart_app.o(.bss.rx_flag)
    sd_scr                                   0x20000774   Data           8  sdio_sdcard.o(.bss.sd_scr)
    spi1_receive_array                       0x2000077c   Data          12  mcu_cmic_gd32f470vet6.o(.bss.spi1_receive_array)
    spi1_send_array                          0x20000788   Data          12  mcu_cmic_gd32f470vet6.o(.bss.spi1_send_array)
    spi3_receive_array                       0x20000794   Data          12  mcu_cmic_gd32f470vet6.o(.bss.spi3_receive_array)
    spi3_send_array                          0x200007a0   Data          12  mcu_cmic_gd32f470vet6.o(.bss.spi3_send_array)
    task_num                                 0x200007ad   Data           1  scheduler.o(.bss.task_num)
    tx_count                                 0x200007b8   Data           2  usart_app.o(.bss.tx_count)
    uart_dma_buffer                          0x200007bc   Data         512  usart_app.o(.bss.uart_dma_buffer)
    usart0_rxbuffer                          0x200009bc   Data         512  mcu_cmic_gd32f470vet6.o(.bss.usart0_rxbuffer)
    voltage_mv                               0x20000bbc   Data           2  mcu_cmic_gd32f470vet6.o(.bss.voltage_mv)
    __initial_sp                             0x20002bc0   Data           0  startup_gd32f450_470.o(STACK)



==============================================================================

Memory Map of the image

  Image Entry point : 0x080001ad

  Load Region LR_IROM1 (Base: 0x08000000, Size: 0x0000a2f8, Max: 0x00080000, ABSOLUTE, COMPRESSED[0x0000a228])

    Execution Region ER_IROM1 (Exec base: 0x08000000, Load base: 0x08000000, Size: 0x0000a1b4, Max: 0x00080000, ABSOLUTE)

    Exec Addr    Load Addr    Size         Type   Attr      Idx    E Section Name        Object

    0x08000000   0x08000000   0x000001ac   Data   RO         2712    RESET               startup_gd32f450_470.o
    0x080001ac   0x080001ac   0x00000000   Code   RO         2850  * .ARM.Collect$$$$00000000  mc_w.l(entry.o)
    0x080001ac   0x080001ac   0x00000004   Code   RO         3167    .ARM.Collect$$$$00000001  mc_w.l(entry2.o)
    0x080001b0   0x080001b0   0x00000004   Code   RO         3170    .ARM.Collect$$$$00000004  mc_w.l(entry5.o)
    0x080001b4   0x080001b4   0x00000000   Code   RO         3172    .ARM.Collect$$$$00000008  mc_w.l(entry7b.o)
    0x080001b4   0x080001b4   0x00000004   Code   RO         3173    .ARM.Collect$$$$00000009  mc_w.l(entry8a.o)
    0x080001b8   0x080001b8   0x00000000   Code   RO         3174    .ARM.Collect$$$$0000000A  mc_w.l(entry8b.o)
    0x080001b8   0x080001b8   0x00000008   Code   RO         3175    .ARM.Collect$$$$0000000B  mc_w.l(entry9a.o)
    0x080001c0   0x080001c0   0x00000000   Code   RO         3177    .ARM.Collect$$$$0000000D  mc_w.l(entry10a.o)
    0x080001c0   0x080001c0   0x00000000   Code   RO         3179    .ARM.Collect$$$$0000000F  mc_w.l(entry11a.o)
    0x080001c0   0x080001c0   0x00000004   Code   RO         3168    .ARM.Collect$$$$00002712  mc_w.l(entry2.o)
    0x080001c4   0x080001c4   0x00000024   Code   RO         2713    .text               startup_gd32f450_470.o
    0x080001e8   0x080001e8   0x00000024   Code   RO         2846    .text               systick_wrapper_ual.o
    0x0800020c   0x0800020c   0x00000062   Code   RO         2853    .text               mc_w.l(ldiv.o)
    0x0800026e   0x0800026e   0x00000024   Code   RO         2855    .text               mc_w.l(memcpya.o)
    0x08000292   0x08000292   0x00000024   Code   RO         2857    .text               mc_w.l(memseta.o)
    0x080002b6   0x080002b6   0x0000000e   Code   RO         2861    .text               mc_w.l(strlen.o)
    0x080002c4   0x080002c4   0x0000001a   Code   RO         2863    .text               mc_w.l(memcmp.o)
    0x080002de   0x080002de   0x00000002   PAD
    0x080002e0   0x080002e0   0x00000028   Code   RO         3163    .text               mc_w.l(cpp_init.o)
    0x08000308   0x08000308   0x00000026   Code   RO         3165    .text               mf_w.l(f2d.o)
    0x0800032e   0x0800032e   0x0000002c   Code   RO         3191    .text               mc_w.l(uidiv.o)
    0x0800035a   0x0800035a   0x00000062   Code   RO         3193    .text               mc_w.l(uldiv.o)
    0x080003bc   0x080003bc   0x00000000   Code   RO         3197    .text               mc_w.l(iusefp.o)
    0x080003bc   0x080003bc   0x0000014e   Code   RO         3202    .text               mf_w.l(dadd.o)
    0x0800050a   0x0800050a   0x000000e4   Code   RO         3204    .text               mf_w.l(dmul.o)
    0x080005ee   0x080005ee   0x000000de   Code   RO         3206    .text               mf_w.l(ddiv.o)
    0x080006cc   0x080006cc   0x00000030   Code   RO         3208    .text               mf_w.l(dfixul.o)
    0x080006fc   0x080006fc   0x00000030   Code   RO         3210    .text               mf_w.l(cdrcmple.o)
    0x0800072c   0x0800072c   0x00000030   Code   RO         3212    .text               mc_w.l(init.o)
    0x0800075c   0x0800075c   0x0000001e   Code   RO         3214    .text               mc_w.l(llshl.o)
    0x0800077a   0x0800077a   0x00000020   Code   RO         3216    .text               mc_w.l(llushr.o)
    0x0800079a   0x0800079a   0x00000024   Code   RO         3218    .text               mc_w.l(llsshr.o)
    0x080007be   0x080007be   0x000000ba   Code   RO         3220    .text               mf_w.l(depilogue.o)
    0x08000878   0x08000878   0x00000056   Code   RO         3230    .text               mc_w.l(__dczerorl2.o)
    0x080008ce   0x080008ce   0x00000002   PAD
    0x080008d0   0x080008d0   0x00000002   Code   RO            8    .text.BusFault_Handler  gd32f4xx_it.o
    0x080008d2   0x080008d2   0x00000002   PAD
    0x080008d4   0x080008d4   0x00000002   Code   RO           14    .text.DebugMon_Handler  gd32f4xx_it.o
    0x080008d6   0x080008d6   0x00000002   PAD
    0x080008d8   0x080008d8   0x00000018   Code   RO           20    .text.EXTI0_IRQHandler  gd32f4xx_it.o
    0x080008f0   0x080008f0   0x000000c4   Code   RO          510    .text.GD30AD3344_Init  gd30ad3344.o
    0x080009b4   0x080009b4   0x00000002   Code   RO            4    .text.HardFault_Handler  gd32f4xx_it.o
    0x080009b6   0x080009b6   0x00000002   PAD
    0x080009b8   0x080009b8   0x00000102   Code   RO          328    .text.I2C_Bus_Reset  oled.o
    0x08000aba   0x08000aba   0x00000002   PAD
    0x08000abc   0x08000abc   0x00000002   Code   RO            6    .text.MemManage_Handler  gd32f4xx_it.o
    0x08000abe   0x08000abe   0x00000002   PAD
    0x08000ac0   0x08000ac0   0x00000002   Code   RO            2    .text.NMI_Handler   gd32f4xx_it.o
    0x08000ac2   0x08000ac2   0x00000002   PAD
    0x08000ac4   0x08000ac4   0x00000018   Code   RO          354    .text.OLED_Display_Off  oled.o
    0x08000adc   0x08000adc   0x0000008c   Code   RO          356    .text.OLED_Init     oled.o
    0x08000b68   0x08000b68   0x000000aa   Code   RO          342    .text.OLED_ShowChar  oled.o
    0x08000c12   0x08000c12   0x00000002   PAD
    0x08000c14   0x08000c14   0x00000040   Code   RO          346    .text.OLED_ShowStr  oled.o
    0x08000c54   0x08000c54   0x000001c6   Code   RO          326    .text.OLED_Write_cmd  oled.o
    0x08000e1a   0x08000e1a   0x00000002   PAD
    0x08000e1c   0x08000e1c   0x000001c6   Code   RO          330    .text.OLED_Write_data  oled.o
    0x08000fe2   0x08000fe2   0x00000002   PAD
    0x08000fe4   0x08000fe4   0x00000002   Code   RO           16    .text.PendSV_Handler  gd32f4xx_it.o
    0x08000fe6   0x08000fe6   0x00000002   PAD
    0x08000fe8   0x08000fe8   0x00000004   Code   RO           22    .text.SDIO_IRQHandler  gd32f4xx_it.o
    0x08000fec   0x08000fec   0x00000002   Code   RO           12    .text.SVC_Handler   gd32f4xx_it.o
    0x08000fee   0x08000fee   0x00000002   PAD
    0x08000ff0   0x08000ff0   0x00000004   Code   RO           24    .text.SysTick_Handler  gd32f4xx_it.o
    0x08000ff4   0x08000ff4   0x0000008c   Code   RO         2722    .text.SystemCoreClockUpdate  system_gd32f4xx.o
    0x08001080   0x08001080   0x00000226   Code   RO         2720    .text.SystemInit    system_gd32f4xx.o
    0x080012a6   0x080012a6   0x00000002   PAD
    0x080012a8   0x080012a8   0x000000b2   Code   RO           18    .text.USART0_IRQHandler  gd32f4xx_it.o
    0x0800135a   0x0800135a   0x00000002   PAD
    0x0800135c   0x0800135c   0x00000002   Code   RO           10    .text.UsageFault_Handler  gd32f4xx_it.o
    0x0800135e   0x0800135e   0x00000002   PAD
    0x08001360   0x08001360   0x00000036   Code   RO         2749    .text.__perf_counter_init  perf_counter.o
    0x08001396   0x08001396   0x00000002   PAD
    0x08001398   0x08001398   0x00000002   Code   RO         2739    .text.__perf_os_patch_init  perf_counter.o
    0x0800139a   0x0800139a   0x00000002   PAD
    0x0800139c   0x0800139c   0x00000020   Code   RO          780    .text.adc_calibration_enable  gd32f4xx_adc.o
    0x080013bc   0x080013bc   0x00000046   Code   RO          802    .text.adc_channel_length_config  gd32f4xx_adc.o
    0x08001402   0x08001402   0x00000002   PAD
    0x08001404   0x08001404   0x00000018   Code   RO          770    .text.adc_clock_config  gd32f4xx_adc.o
    0x0800141c   0x0800141c   0x00000012   Code   RO          774    .text.adc_data_alignment_config  gd32f4xx_adc.o
    0x0800142e   0x0800142e   0x00000002   PAD
    0x08001430   0x08001430   0x0000000a   Code   RO          778    .text.adc_disable   gd32f4xx_adc.o
    0x0800143a   0x0800143a   0x00000002   PAD
    0x0800143c   0x0800143c   0x0000000a   Code   RO          794    .text.adc_dma_mode_disable  gd32f4xx_adc.o
    0x08001446   0x08001446   0x00000002   PAD
    0x08001448   0x08001448   0x0000000a   Code   RO          792    .text.adc_dma_mode_enable  gd32f4xx_adc.o
    0x08001452   0x08001452   0x00000002   PAD
    0x08001454   0x08001454   0x0000000a   Code   RO          796    .text.adc_dma_request_after_last_enable  gd32f4xx_adc.o
    0x0800145e   0x0800145e   0x00000002   PAD
    0x08001460   0x08001460   0x00000012   Code   RO          776    .text.adc_enable    gd32f4xx_adc.o
    0x08001472   0x08001472   0x00000002   PAD
    0x08001474   0x08001474   0x0000002e   Code   RO          812    .text.adc_external_trigger_config  gd32f4xx_adc.o
    0x080014a2   0x080014a2   0x00000002   PAD
    0x080014a4   0x080014a4   0x00000022   Code   RO          810    .text.adc_external_trigger_source_config  gd32f4xx_adc.o
    0x080014c6   0x080014c6   0x00000002   PAD
    0x080014c8   0x080014c8   0x00000074   Code   RO          804    .text.adc_routine_channel_config  gd32f4xx_adc.o
    0x0800153c   0x0800153c   0x0000001c   Code   RO          814    .text.adc_software_trigger_enable  gd32f4xx_adc.o
    0x08001558   0x08001558   0x0000005a   Code   RO          772    .text.adc_special_function_config  gd32f4xx_adc.o
    0x080015b2   0x080015b2   0x00000002   PAD
    0x080015b4   0x080015b4   0x00000018   Code   RO          848    .text.adc_sync_mode_config  gd32f4xx_adc.o
    0x080015cc   0x080015cc   0x00000028   Code   RO          760    .text.adc_task      adc_app.o
    0x080015f4   0x080015f4   0x0000002e   Code   RO          647    .text.app_btn_init  btn_app.o
    0x08001622   0x08001622   0x00000002   PAD
    0x08001624   0x08001624   0x00000050   Code   RO         2747    .text.before_cycle_counter_reconfiguration  perf_counter.o
    0x08001674   0x08001674   0x00000118   Code   RO           93    .text.bsp_adc_init  mcu_cmic_gd32f470vet6.o
    0x0800178c   0x0800178c   0x0000004e   Code   RO           65    .text.bsp_btn_init  mcu_cmic_gd32f470vet6.o
    0x080017da   0x080017da   0x00000002   PAD
    0x080017dc   0x080017dc   0x00000098   Code   RO           97    .text.bsp_dac_init  mcu_cmic_gd32f470vet6.o
    0x08001874   0x08001874   0x0000048e   Code   RO           69    .text.bsp_enter_deepsleep  mcu_cmic_gd32f470vet6.o
    0x08001d02   0x08001d02   0x00000002   PAD
    0x08001d04   0x08001d04   0x0000009c   Code   RO           85    .text.bsp_gd25qxx_init  mcu_cmic_gd32f470vet6.o
    0x08001da0   0x08001da0   0x00000096   Code   RO           87    .text.bsp_gd30ad3344_init  mcu_cmic_gd32f470vet6.o
    0x08001e36   0x08001e36   0x00000002   PAD
    0x08001e38   0x08001e38   0x00000058   Code   RO           63    .text.bsp_led_init  mcu_cmic_gd32f470vet6.o
    0x08001e90   0x08001e90   0x0000010e   Code   RO           83    .text.bsp_oled_init  mcu_cmic_gd32f470vet6.o
    0x08001f9e   0x08001f9e   0x00000002   PAD
    0x08001fa0   0x08001fa0   0x000000ae   Code   RO          103    .text.bsp_rtc_init  mcu_cmic_gd32f470vet6.o
    0x0800204e   0x0800204e   0x00000002   PAD
    0x08002050   0x08002050   0x00000114   Code   RO           71    .text.bsp_usart0_init  mcu_cmic_gd32f470vet6.o
    0x08002164   0x08002164   0x00000004   Code   RO           73    .text.bsp_usart_init  mcu_cmic_gd32f470vet6.o
    0x08002168   0x08002168   0x00000012   Code   RO          649    .text.btn_task      btn_app.o
    0x0800217a   0x0800217a   0x00000002   PAD
    0x0800217c   0x0800217c   0x000001d8   Code   RO          720    .text.card_info_get  sd_app.o
    0x08002354   0x08002354   0x0000006a   Code   RO          612    .text.check_fs      ff.o
    0x080023be   0x080023be   0x00000002   PAD
    0x080023c0   0x080023c0   0x00000286   Code   RO          560    .text.chk_mounted   ff.o
    0x08002646   0x08002646   0x00000002   PAD
    0x08002648   0x08002648   0x000000ac   Code   RO          572    .text.create_chain  ff.o
    0x080026f4   0x080026f4   0x00000024   Code   RO         1000    .text.dac_deinit    gd32f4xx_dac.o
    0x08002718   0x08002718   0x0000001a   Code   RO         1004    .text.dac_disable   gd32f4xx_dac.o
    0x08002732   0x08002732   0x00000002   PAD
    0x08002734   0x08002734   0x0000001a   Code   RO         1008    .text.dac_dma_disable  gd32f4xx_dac.o
    0x0800274e   0x0800274e   0x00000002   PAD
    0x08002750   0x08002750   0x00000018   Code   RO         1002    .text.dac_enable    gd32f4xx_dac.o
    0x08002768   0x08002768   0x00000018   Code   RO         1018    .text.dac_trigger_enable  gd32f4xx_dac.o
    0x08002780   0x08002780   0x00000024   Code   RO         1022    .text.dac_trigger_source_config  gd32f4xx_dac.o
    0x080027a4   0x080027a4   0x00000024   Code   RO         1026    .text.dac_wave_mode_config  gd32f4xx_dac.o
    0x080027c8   0x080027c8   0x00000014   Code   RO           50    .text.delay_1ms     systick.o
    0x080027dc   0x080027dc   0x00000018   Code   RO           52    .text.delay_decrement  systick.o
    0x080027f4   0x080027f4   0x00000162   Code   RO          614    .text.dir_find      ff.o
    0x08002956   0x08002956   0x00000002   PAD
    0x08002958   0x08002958   0x00000168   Code   RO          592    .text.dir_next      ff.o
    0x08002ac0   0x08002ac0   0x000002a2   Code   RO          564    .text.dir_register  ff.o
    0x08002d62   0x08002d62   0x00000002   PAD
    0x08002d64   0x08002d64   0x000000aa   Code   RO          584    .text.dir_sdi       ff.o
    0x08002e0e   0x08002e0e   0x00000002   PAD
    0x08002e10   0x08002e10   0x0000005c   Code   RO          526    .text.disk_initialize  diskio.o
    0x08002e6c   0x08002e6c   0x00000004   Code   RO          534    .text.disk_ioctl    diskio.o
    0x08002e70   0x08002e70   0x00000040   Code   RO          530    .text.disk_read     diskio.o
    0x08002eb0   0x08002eb0   0x00000008   Code   RO          528    .text.disk_status   diskio.o
    0x08002eb8   0x08002eb8   0x00000040   Code   RO          532    .text.disk_write    diskio.o
    0x08002ef8   0x08002ef8   0x00000012   Code   RO         1176    .text.dma_channel_disable  gd32f4xx_dma.o
    0x08002f0a   0x08002f0a   0x00000002   PAD
    0x08002f0c   0x08002f0c   0x00000012   Code   RO         1174    .text.dma_channel_enable  gd32f4xx_dma.o
    0x08002f1e   0x08002f1e   0x00000002   PAD
    0x08002f20   0x08002f20   0x00000016   Code   RO         1184    .text.dma_channel_subperipheral_select  gd32f4xx_dma.o
    0x08002f36   0x08002f36   0x00000002   PAD
    0x08002f38   0x08002f38   0x00000012   Code   RO         1172    .text.dma_circulation_disable  gd32f4xx_dma.o
    0x08002f4a   0x08002f4a   0x00000002   PAD
    0x08002f4c   0x08002f4c   0x00000012   Code   RO         1170    .text.dma_circulation_enable  gd32f4xx_dma.o
    0x08002f5e   0x08002f5e   0x00000002   PAD
    0x08002f60   0x08002f60   0x0000004e   Code   RO         1138    .text.dma_deinit    gd32f4xx_dma.o
    0x08002fae   0x08002fae   0x00000002   PAD
    0x08002fb0   0x08002fb0   0x00000036   Code   RO         1194    .text.dma_flag_clear  gd32f4xx_dma.o
    0x08002fe6   0x08002fe6   0x00000002   PAD
    0x08002fe8   0x08002fe8   0x00000028   Code   RO         1192    .text.dma_flag_get  gd32f4xx_dma.o
    0x08003010   0x08003010   0x00000018   Code   RO         1186    .text.dma_flow_controller_config  gd32f4xx_dma.o
    0x08003028   0x08003028   0x00000014   Code   RO         1150    .text.dma_memory_address_config  gd32f4xx_dma.o
    0x0800303c   0x0800303c   0x00000092   Code   RO         1146    .text.dma_multi_data_mode_init  gd32f4xx_dma.o
    0x080030ce   0x080030ce   0x00000002   PAD
    0x080030d0   0x080030d0   0x000000b6   Code   RO          445    .text.dma_receive_config  sdio_sdcard.o
    0x08003186   0x08003186   0x00000002   PAD
    0x08003188   0x08003188   0x00000086   Code   RO         1144    .text.dma_single_data_mode_init  gd32f4xx_dma.o
    0x0800320e   0x0800320e   0x00000002   PAD
    0x08003210   0x08003210   0x00000018   Code   RO         1140    .text.dma_single_data_para_struct_init  gd32f4xx_dma.o
    0x08003228   0x08003228   0x000000b8   Code   RO          451    .text.dma_transfer_config  sdio_sdcard.o
    0x080032e0   0x080032e0   0x0000000c   Code   RO         1152    .text.dma_transfer_number_config  gd32f4xx_dma.o
    0x080032ec   0x080032ec   0x0000000c   Code   RO         1154    .text.dma_transfer_number_get  gd32f4xx_dma.o
    0x080032f8   0x080032f8   0x00000060   Code   RO          372    .text.ebtn_init     ebtn.o
    0x08003358   0x08003358   0x0000009a   Code   RO          378    .text.ebtn_process  ebtn.o
    0x080033f2   0x080033f2   0x00000002   PAD
    0x080033f4   0x080033f4   0x000000c6   Code   RO          376    .text.ebtn_process_btn_combo  ebtn.o
    0x080034ba   0x080034ba   0x00000002   PAD
    0x080034bc   0x080034bc   0x000001fa   Code   RO          374    .text.ebtn_process_with_curr_state  ebtn.o
    0x080036b6   0x080036b6   0x00000002   PAD
    0x080036b8   0x080036b8   0x0000009c   Code   RO         1510    .text.exti_init     gd32f4xx_exti.o
    0x08003754   0x08003754   0x0000000c   Code   RO         1530    .text.exti_interrupt_flag_clear  gd32f4xx_exti.o
    0x08003760   0x08003760   0x00000012   Code   RO         1528    .text.exti_interrupt_flag_get  gd32f4xx_exti.o
    0x08003772   0x08003772   0x00000002   PAD
    0x08003774   0x08003774   0x00000012   Code   RO          578    .text.f_close       ff.o
    0x08003786   0x08003786   0x00000002   PAD
    0x08003788   0x08003788   0x00000028   Code   RO          556    .text.f_mount       ff.o
    0x080037b0   0x080037b0   0x000001b8   Code   RO          558    .text.f_open        ff.o
    0x08003968   0x08003968   0x000001c4   Code   RO          568    .text.f_read        ff.o
    0x08003b2c   0x08003b2c   0x000000b0   Code   RO          574    .text.f_sync        ff.o
    0x08003bdc   0x08003bdc   0x0000026e   Code   RO          570    .text.f_write       ff.o
    0x08003e4a   0x08003e4a   0x00000002   PAD
    0x08003e4c   0x08003e4c   0x0000004c   Code   RO          629    .text.ff_convert    ccsbcs.o
    0x08003e98   0x08003e98   0x0000002c   Code   RO          631    .text.ff_wtoupper   ccsbcs.o
    0x08003ec4   0x08003ec4   0x000002f0   Code   RO          562    .text.follow_path   ff.o
    0x080041b4   0x080041b4   0x0000000a   Code   RO         2724    .text.gd32f4xx_firmware_version_get  system_gd32f4xx.o
    0x080041be   0x080041be   0x00000002   PAD
    0x080041c0   0x080041c0   0x000000c4   Code   RO          548    .text.get_fat       ff.o
    0x08004284   0x08004284   0x00000004   Code   RO          536    .text.get_fattime   diskio.o
    0x08004288   0x08004288   0x000000a4   Code   RO         2743    .text.get_system_ticks  perf_counter.o
    0x0800432c   0x0800432c   0x0000006e   Code   RO         1672    .text.gpio_af_set   gd32f4xx_gpio.o
    0x0800439a   0x0800439a   0x00000002   PAD
    0x0800439c   0x0800439c   0x00000004   Code   RO         1658    .text.gpio_bit_reset  gd32f4xx_gpio.o
    0x080043a0   0x080043a0   0x00000004   Code   RO         1656    .text.gpio_bit_set  gd32f4xx_gpio.o
    0x080043a4   0x080043a4   0x0000000a   Code   RO         1664    .text.gpio_input_bit_get  gd32f4xx_gpio.o
    0x080043ae   0x080043ae   0x00000002   PAD
    0x080043b0   0x080043b0   0x00000054   Code   RO         1652    .text.gpio_mode_set  gd32f4xx_gpio.o
    0x08004404   0x08004404   0x00000046   Code   RO         1654    .text.gpio_output_options_set  gd32f4xx_gpio.o
    0x0800444a   0x0800444a   0x00000002   PAD
    0x0800444c   0x0800444c   0x0000000c   Code   RO         1696    .text.i2c_ack_config  gd32f4xx_i2c.o
    0x08004458   0x08004458   0x000000d6   Code   RO         1690    .text.i2c_clock_config  gd32f4xx_i2c.o
    0x0800452e   0x0800452e   0x00000002   PAD
    0x08004530   0x08004530   0x00000048   Code   RO         1688    .text.i2c_deinit    gd32f4xx_i2c.o
    0x08004578   0x08004578   0x0000000a   Code   RO         1708    .text.i2c_disable   gd32f4xx_i2c.o
    0x08004582   0x08004582   0x00000002   PAD
    0x08004584   0x08004584   0x0000000c   Code   RO         1718    .text.i2c_dma_config  gd32f4xx_i2c.o
    0x08004590   0x08004590   0x0000000a   Code   RO         1706    .text.i2c_enable    gd32f4xx_i2c.o
    0x0800459a   0x0800459a   0x00000002   PAD
    0x0800459c   0x0800459c   0x00000026   Code   RO         1754    .text.i2c_flag_clear  gd32f4xx_i2c.o
    0x080045c2   0x080045c2   0x00000002   PAD
    0x080045c4   0x080045c4   0x00000010   Code   RO         1752    .text.i2c_flag_get  gd32f4xx_i2c.o
    0x080045d4   0x080045d4   0x0000000e   Code   RO         1700    .text.i2c_master_addressing  gd32f4xx_i2c.o
    0x080045e2   0x080045e2   0x00000002   PAD
    0x080045e4   0x080045e4   0x0000001a   Code   RO         1692    .text.i2c_mode_addr_config  gd32f4xx_i2c.o
    0x080045fe   0x080045fe   0x00000002   PAD
    0x08004600   0x08004600   0x0000000a   Code   RO         1710    .text.i2c_start_on_bus  gd32f4xx_i2c.o
    0x0800460a   0x0800460a   0x00000002   PAD
    0x0800460c   0x0800460c   0x0000000a   Code   RO         1712    .text.i2c_stop_on_bus  gd32f4xx_i2c.o
    0x08004616   0x08004616   0x00000002   PAD
    0x08004618   0x08004618   0x000000a2   Code   RO          663    .text.led_task      led_app.o
    0x080046ba   0x080046ba   0x00000002   PAD
    0x080046bc   0x080046bc   0x00000160   Code   RO           34    .text.main          main.o
    0x0800481c   0x0800481c   0x0000007c   Code   RO          550    .text.move_window   ff.o
    0x08004898   0x08004898   0x0000006a   Code   RO          701    .text.my_printf     usart_app.o
    0x08004902   0x08004902   0x00000002   PAD
    0x08004904   0x08004904   0x0000002a   Code   RO         1858    .text.nvic_irq_disable  gd32f4xx_misc.o
    0x0800492e   0x0800492e   0x00000002   PAD
    0x08004930   0x08004930   0x00000092   Code   RO         1856    .text.nvic_irq_enable  gd32f4xx_misc.o
    0x080049c2   0x080049c2   0x00000002   PAD
    0x080049c4   0x080049c4   0x0000001c   Code   RO         1860    .text.nvic_vector_table_set  gd32f4xx_misc.o
    0x080049e0   0x080049e0   0x0000003a   Code   RO          675    .text.oled_printf   oled_app.o
    0x08004a1a   0x08004a1a   0x00000002   PAD
    0x08004a1c   0x08004a1c   0x00000118   Code   RO          677    .text.oled_task     oled_app.o
    0x08004b34   0x08004b34   0x00000014   Code   RO         2765    .text.perfc_convert_ticks_to_ms  perf_counter.o
    0x08004b48   0x08004b48   0x0000005e   Code   RO         2761    .text.perfc_delay_ms  perf_counter.o
    0x08004ba6   0x08004ba6   0x00000002   PAD
    0x08004ba8   0x08004ba8   0x00000004   Code   RO         2759    .text.perfc_delay_ms_user_code_in_loop  perf_counter.o
    0x08004bac   0x08004bac   0x00000036   Code   RO         2745    .text.perfc_init    perf_counter.o
    0x08004be2   0x08004be2   0x00000002   PAD
    0x08004be4   0x08004be4   0x0000000e   Code   RO         2833    .text.perfc_port_clear_system_timer_counter  perfc_port_default.o
    0x08004bf2   0x08004bf2   0x00000002   PAD
    0x08004bf4   0x08004bf4   0x00000010   Code   RO         2829    .text.perfc_port_clear_system_timer_ovf_pending  perfc_port_default.o
    0x08004c04   0x08004c04   0x00000018   Code   RO         2827    .text.perfc_port_get_system_timer_elapsed  perfc_port_default.o
    0x08004c1c   0x08004c1c   0x0000000c   Code   RO         2821    .text.perfc_port_get_system_timer_freq  perfc_port_default.o
    0x08004c28   0x08004c28   0x0000000e   Code   RO         2825    .text.perfc_port_get_system_timer_top  perfc_port_default.o
    0x08004c36   0x08004c36   0x00000002   PAD
    0x08004c38   0x08004c38   0x00000038   Code   RO         2819    .text.perfc_port_init_system_timer  perfc_port_default.o
    0x08004c70   0x08004c70   0x0000002c   Code   RO         2735    .text.perfc_port_insert_to_system_timer_insert_ovf_handler  perf_counter.o
    0x08004c9c   0x08004c9c   0x00000010   Code   RO         2823    .text.perfc_port_is_system_timer_ovf_pending  perfc_port_default.o
    0x08004cac   0x08004cac   0x00000012   Code   RO         2831    .text.perfc_port_stop_system_timer_counting  perfc_port_default.o
    0x08004cbe   0x08004cbe   0x00000002   PAD
    0x08004cc0   0x08004cc0   0x00000012   Code   RO         1912    .text.pmu_backup_write_enable  gd32f4xx_pmu.o
    0x08004cd2   0x08004cd2   0x00000002   PAD
    0x08004cd4   0x08004cd4   0x0000001e   Code   RO         1916    .text.pmu_flag_clear  gd32f4xx_pmu.o
    0x08004cf2   0x08004cf2   0x00000002   PAD
    0x08004cf4   0x08004cf4   0x000000fa   Code   RO         1902    .text.pmu_to_deepsleepmode  gd32f4xx_pmu.o
    0x08004dee   0x08004dee   0x00000002   PAD
    0x08004df0   0x08004df0   0x00000076   Code   RO          645    .text.prv_btn_event  btn_app.o
    0x08004e66   0x08004e66   0x00000002   PAD
    0x08004e68   0x08004e68   0x00000080   Code   RO          643    .text.prv_btn_get_state  btn_app.o
    0x08004ee8   0x08004ee8   0x0000003e   Code   RO          416    .text.prv_get_combo_btn_by_key_id  ebtn.o
    0x08004f26   0x08004f26   0x00000002   PAD
    0x08004f28   0x08004f28   0x00000296   Code   RO          414    .text.prv_process_btn  ebtn.o
    0x080051be   0x080051be   0x00000002   PAD
    0x080051c0   0x080051c0   0x00000112   Code   RO          552    .text.put_fat       ff.o
    0x080052d2   0x080052d2   0x00000002   PAD
    0x080052d4   0x080052d4   0x000000fa   Code   RO          433    .text.r1_error_check  sdio_sdcard.o
    0x080053ce   0x080053ce   0x00000002   PAD
    0x080053d0   0x080053d0   0x00000012   Code   RO         2014    .text.rcu_all_reset_flag_clear  gd32f4xx_rcu.o
    0x080053e2   0x080053e2   0x00000002   PAD
    0x080053e4   0x080053e4   0x000000bc   Code   RO         2012    .text.rcu_clock_freq_get  gd32f4xx_rcu.o
    0x080054a0   0x080054a0   0x0000001e   Code   RO         1988    .text.rcu_osci_on   gd32f4xx_rcu.o
    0x080054be   0x080054be   0x00000002   PAD
    0x080054c0   0x080054c0   0x000001c4   Code   RO         1932    .text.rcu_osci_stab_wait  gd32f4xx_rcu.o
    0x08005684   0x08005684   0x0000001e   Code   RO         1934    .text.rcu_periph_clock_enable  gd32f4xx_rcu.o
    0x080056a2   0x080056a2   0x00000002   PAD
    0x080056a4   0x080056a4   0x00000020   Code   RO         1944    .text.rcu_periph_reset_disable  gd32f4xx_rcu.o
    0x080056c4   0x080056c4   0x0000001e   Code   RO         1942    .text.rcu_periph_reset_enable  gd32f4xx_rcu.o
    0x080056e2   0x080056e2   0x00000002   PAD
    0x080056e4   0x080056e4   0x00000014   Code   RO         1970    .text.rcu_rtc_clock_config  gd32f4xx_rcu.o
    0x080056f8   0x080056f8   0x0000005c   Code   RO         2043    .text.rtc_current_time_get  gd32f4xx_rtc.o
    0x08005754   0x08005754   0x0000010c   Code   RO         2039    .text.rtc_init      gd32f4xx_rtc.o
    0x08005860   0x08005860   0x0000004c   Code   RO         2037    .text.rtc_register_sync_wait  gd32f4xx_rtc.o
    0x080058ac   0x080058ac   0x00000040   Code   RO          752    .text.rtc_task      rtc_app.o
    0x080058ec   0x080058ec   0x0000000e   Code   RO          687    .text.scheduler_init  scheduler.o
    0x080058fa   0x080058fa   0x00000002   PAD
    0x080058fc   0x080058fc   0x0000004e   Code   RO          689    .text.scheduler_run  scheduler.o
    0x0800594a   0x0800594a   0x00000002   PAD
    0x0800594c   0x0800594c   0x00000216   Code   RO          443    .text.sd_block_read  sdio_sdcard.o
    0x08005b62   0x08005b62   0x00000002   PAD
    0x08005b64   0x08005b64   0x00000348   Code   RO          449    .text.sd_block_write  sdio_sdcard.o
    0x08005eac   0x08005eac   0x00000074   Code   RO          437    .text.sd_bus_mode_config  sdio_sdcard.o
    0x08005f20   0x08005f20   0x000001ea   Code   RO          439    .text.sd_bus_width_config  sdio_sdcard.o
    0x0800610a   0x0800610a   0x00000002   PAD
    0x0800610c   0x0800610c   0x0000006e   Code   RO          473    .text.sd_card_capacity_get  sdio_sdcard.o
    0x0800617a   0x0800617a   0x00000002   PAD
    0x0800617c   0x0800617c   0x00000294   Code   RO          475    .text.sd_card_information_get  sdio_sdcard.o
    0x08006410   0x08006410   0x000001ce   Code   RO          431    .text.sd_card_init  sdio_sdcard.o
    0x080065de   0x080065de   0x00000002   PAD
    0x080065e0   0x080065e0   0x00000020   Code   RO          463    .text.sd_card_select_deselect  sdio_sdcard.o
    0x08006600   0x08006600   0x00000156   Code   RO          453    .text.sd_card_state_get  sdio_sdcard.o
    0x08006756   0x08006756   0x00000002   PAD
    0x08006758   0x08006758   0x00000046   Code   RO          465    .text.sd_cardstatus_get  sdio_sdcard.o
    0x0800679e   0x0800679e   0x00000002   PAD
    0x080067a0   0x080067a0   0x0000000a   Code   RO          718    .text.sd_fatfs_init  sd_app.o
    0x080067aa   0x080067aa   0x00000002   PAD
    0x080067ac   0x080067ac   0x0000035c   Code   RO          722    .text.sd_fatfs_test  sd_app.o
    0x08006b08   0x08006b08   0x000000c6   Code   RO          427    .text.sd_init       sdio_sdcard.o
    0x08006bce   0x08006bce   0x00000002   PAD
    0x08006bd0   0x08006bd0   0x00000138   Code   RO          459    .text.sd_interrupts_process  sdio_sdcard.o
    0x08006d08   0x08006d08   0x000002a4   Code   RO          447    .text.sd_multiblocks_read  sdio_sdcard.o
    0x08006fac   0x08006fac   0x00000382   Code   RO          455    .text.sd_multiblocks_write  sdio_sdcard.o
    0x0800732e   0x0800732e   0x00000002   PAD
    0x08007330   0x08007330   0x0000000c   Code   RO          435    .text.sd_power_off  sdio_sdcard.o
    0x0800733c   0x0800733c   0x0000019e   Code   RO          429    .text.sd_power_on   sdio_sdcard.o
    0x080074da   0x080074da   0x00000002   PAD
    0x080074dc   0x080074dc   0x00000016   Code   RO          441    .text.sd_transfer_mode_config  sdio_sdcard.o
    0x080074f2   0x080074f2   0x00000002   PAD
    0x080074f4   0x080074f4   0x00000018   Code   RO         2133    .text.sdio_bus_mode_set  gd32f4xx_sdio.o
    0x0800750c   0x0800750c   0x00000036   Code   RO         2127    .text.sdio_clock_config  gd32f4xx_sdio.o
    0x08007542   0x08007542   0x00000002   PAD
    0x08007544   0x08007544   0x00000012   Code   RO         2141    .text.sdio_clock_disable  gd32f4xx_sdio.o
    0x08007556   0x08007556   0x00000002   PAD
    0x08007558   0x08007558   0x00000012   Code   RO         2139    .text.sdio_clock_enable  gd32f4xx_sdio.o
    0x0800756a   0x0800756a   0x00000002   PAD
    0x0800756c   0x0800756c   0x0000000e   Code   RO         2151    .text.sdio_command_index_get  gd32f4xx_sdio.o
    0x0800757a   0x0800757a   0x00000002   PAD
    0x0800757c   0x0800757c   0x00000036   Code   RO         2143    .text.sdio_command_response_config  gd32f4xx_sdio.o
    0x080075b2   0x080075b2   0x00000002   PAD
    0x080075b4   0x080075b4   0x00000012   Code   RO         2147    .text.sdio_csm_enable  gd32f4xx_sdio.o
    0x080075c6   0x080075c6   0x00000002   PAD
    0x080075c8   0x080075c8   0x0000003e   Code   RO         2155    .text.sdio_data_config  gd32f4xx_sdio.o
    0x08007606   0x08007606   0x00000002   PAD
    0x08007608   0x08007608   0x0000000c   Code   RO         2165    .text.sdio_data_read  gd32f4xx_sdio.o
    0x08007614   0x08007614   0x00000016   Code   RO         2157    .text.sdio_data_transfer_config  gd32f4xx_sdio.o
    0x0800762a   0x0800762a   0x00000002   PAD
    0x0800762c   0x0800762c   0x0000000c   Code   RO         2163    .text.sdio_data_write  gd32f4xx_sdio.o
    0x08007638   0x08007638   0x00000016   Code   RO         2125    .text.sdio_deinit   gd32f4xx_sdio.o
    0x0800764e   0x0800764e   0x00000002   PAD
    0x08007650   0x08007650   0x00000012   Code   RO         2173    .text.sdio_dma_disable  gd32f4xx_sdio.o
    0x08007662   0x08007662   0x00000002   PAD
    0x08007664   0x08007664   0x00000012   Code   RO         2171    .text.sdio_dma_enable  gd32f4xx_sdio.o
    0x08007676   0x08007676   0x00000002   PAD
    0x08007678   0x08007678   0x00000012   Code   RO         2161    .text.sdio_dsm_disable  gd32f4xx_sdio.o
    0x0800768a   0x0800768a   0x00000002   PAD
    0x0800768c   0x0800768c   0x00000012   Code   RO         2159    .text.sdio_dsm_enable  gd32f4xx_sdio.o
    0x0800769e   0x0800769e   0x00000002   PAD
    0x080076a0   0x080076a0   0x0000000c   Code   RO         2177    .text.sdio_flag_clear  gd32f4xx_sdio.o
    0x080076ac   0x080076ac   0x00000012   Code   RO         2175    .text.sdio_flag_get  gd32f4xx_sdio.o
    0x080076be   0x080076be   0x00000002   PAD
    0x080076c0   0x080076c0   0x00000012   Code   RO         2131    .text.sdio_hardware_clock_disable  gd32f4xx_sdio.o
    0x080076d2   0x080076d2   0x00000002   PAD
    0x080076d4   0x080076d4   0x00000012   Code   RO         2181    .text.sdio_interrupt_disable  gd32f4xx_sdio.o
    0x080076e6   0x080076e6   0x00000002   PAD
    0x080076e8   0x080076e8   0x00000010   Code   RO         2179    .text.sdio_interrupt_enable  gd32f4xx_sdio.o
    0x080076f8   0x080076f8   0x0000000c   Code   RO         2185    .text.sdio_interrupt_flag_clear  gd32f4xx_sdio.o
    0x08007704   0x08007704   0x00000012   Code   RO         2183    .text.sdio_interrupt_flag_get  gd32f4xx_sdio.o
    0x08007716   0x08007716   0x00000002   PAD
    0x08007718   0x08007718   0x0000000c   Code   RO         2137    .text.sdio_power_state_get  gd32f4xx_sdio.o
    0x08007724   0x08007724   0x0000000c   Code   RO         2135    .text.sdio_power_state_set  gd32f4xx_sdio.o
    0x08007730   0x08007730   0x00000040   Code   RO         2153    .text.sdio_response_get  gd32f4xx_sdio.o
    0x08007770   0x08007770   0x00000018   Code   RO         2145    .text.sdio_wait_type_set  gd32f4xx_sdio.o
    0x08007788   0x08007788   0x0000000a   Code   RO         2233    .text.spi_disable   gd32f4xx_spi.o
    0x08007792   0x08007792   0x00000002   PAD
    0x08007794   0x08007794   0x00000016   Code   RO         2253    .text.spi_dma_disable  gd32f4xx_spi.o
    0x080077aa   0x080077aa   0x00000002   PAD
    0x080077ac   0x080077ac   0x00000012   Code   RO         2251    .text.spi_dma_enable  gd32f4xx_spi.o
    0x080077be   0x080077be   0x00000002   PAD
    0x080077c0   0x080077c0   0x0000000a   Code   RO         2231    .text.spi_enable    gd32f4xx_spi.o
    0x080077ca   0x080077ca   0x00000002   PAD
    0x080077cc   0x080077cc   0x0000005c   Code   RO          147    .text.spi_flash_buffer_read  gd25qxx.o
    0x08007828   0x08007828   0x00000020   Code   RO          131    .text.spi_flash_init  gd25qxx.o
    0x08007848   0x08007848   0x00000096   Code   RO          143    .text.spi_flash_page_write  gd25qxx.o
    0x080078de   0x080078de   0x00000002   PAD
    0x080078e0   0x080078e0   0x0000007c   Code   RO          133    .text.spi_flash_sector_erase  gd25qxx.o
    0x0800795c   0x0800795c   0x000000fa   Code   RO          137    .text.spi_flash_send_byte_dma  gd25qxx.o
    0x08007a56   0x08007a56   0x00000002   PAD
    0x08007a58   0x08007a58   0x0000011e   Code   RO          504    .text.spi_gd30ad3344_send_halfword_dma  gd30ad3344.o
    0x08007b76   0x08007b76   0x00000002   PAD
    0x08007b78   0x08007b78   0x00000034   Code   RO         2229    .text.spi_init      gd32f4xx_spi.o
    0x08007bac   0x08007bac   0x000000e4   Code   RO          576    .text.sync          ff.o
    0x08007c90   0x08007c90   0x00000084   Code   RO         2317    .text.syscfg_exti_line_config  gd32f4xx_syscfg.o
    0x08007d14   0x08007d14   0x0000004a   Code   RO           48    .text.systick_config  systick.o
    0x08007d5e   0x08007d5e   0x00000002   PAD
    0x08007d60   0x08007d60   0x00000260   Code   RO          159    .text.test_spi_flash  gd25qxx.o
    0x08007fc0   0x08007fc0   0x00000146   Code   RO         2333    .text.timer_deinit  gd32f4xx_timer.o
    0x08008106   0x08008106   0x00000002   PAD
    0x08008108   0x08008108   0x0000000a   Code   RO         2341    .text.timer_disable  gd32f4xx_timer.o
    0x08008112   0x08008112   0x00000002   PAD
    0x08008114   0x08008114   0x0000000a   Code   RO         2339    .text.timer_enable  gd32f4xx_timer.o
    0x0800811e   0x0800811e   0x00000002   PAD
    0x08008120   0x08008120   0x000000aa   Code   RO         2337    .text.timer_init    gd32f4xx_timer.o
    0x080081ca   0x080081ca   0x00000002   PAD
    0x080081cc   0x080081cc   0x00000010   Code   RO         2437    .text.timer_master_output_trigger_source_select  gd32f4xx_timer.o
    0x080081dc   0x080081dc   0x00000010   Code   RO         2335    .text.timer_struct_para_init  gd32f4xx_timer.o
    0x080081ec   0x080081ec   0x00000040   Code   RO          703    .text.uart_task     usart_app.o
    0x0800822c   0x0800822c   0x000000b0   Code   RO         2741    .text.update_perf_counter  perf_counter.o
    0x080082dc   0x080082dc   0x000000be   Code   RO         2573    .text.usart_baudrate_set  gd32f4xx_usart.o
    0x0800839a   0x0800839a   0x00000002   PAD
    0x0800839c   0x0800839c   0x00000008   Code   RO         2605    .text.usart_data_receive  gd32f4xx_usart.o
    0x080083a4   0x080083a4   0x00000008   Code   RO         2603    .text.usart_data_transmit  gd32f4xx_usart.o
    0x080083ac   0x080083ac   0x000000c8   Code   RO         2571    .text.usart_deinit  gd32f4xx_usart.o
    0x08008474   0x08008474   0x0000000a   Code   RO         2583    .text.usart_disable  gd32f4xx_usart.o
    0x0800847e   0x0800847e   0x00000002   PAD
    0x08008480   0x08008480   0x00000014   Code   RO         2665    .text.usart_dma_receive_config  gd32f4xx_usart.o
    0x08008494   0x08008494   0x0000000a   Code   RO         2581    .text.usart_enable  gd32f4xx_usart.o
    0x0800849e   0x0800849e   0x00000002   PAD
    0x080084a0   0x080084a0   0x00000010   Code   RO         2669    .text.usart_flag_get  gd32f4xx_usart.o
    0x080084b0   0x080084b0   0x00000018   Code   RO         2675    .text.usart_interrupt_disable  gd32f4xx_usart.o
    0x080084c8   0x080084c8   0x00000016   Code   RO         2673    .text.usart_interrupt_enable  gd32f4xx_usart.o
    0x080084de   0x080084de   0x00000002   PAD
    0x080084e0   0x080084e0   0x00000022   Code   RO         2677    .text.usart_interrupt_flag_get  gd32f4xx_usart.o
    0x08008502   0x08008502   0x00000002   PAD
    0x08008504   0x08008504   0x0000000c   Code   RO         2587    .text.usart_receive_config  gd32f4xx_usart.o
    0x08008510   0x08008510   0x0000000c   Code   RO         2585    .text.usart_transmit_config  gd32f4xx_usart.o
    0x0800851c   0x0800851c   0x00000034   Code   RO         3109    i.__0vsnprintf      mc_w.l(printfa.o)
    0x08008550   0x08008550   0x0000000e   Code   RO         3224    i.__scatterload_copy  mc_w.l(handlers.o)
    0x0800855e   0x0800855e   0x00000002   Code   RO         3225    i.__scatterload_null  mc_w.l(handlers.o)
    0x08008560   0x08008560   0x0000000e   Code   RO         3226    i.__scatterload_zeroinit  mc_w.l(handlers.o)
    0x0800856e   0x0800856e   0x00000002   PAD
    0x08008570   0x08008570   0x00000184   Code   RO         3111    i._fp_digits        mc_w.l(printfa.o)
    0x080086f4   0x080086f4   0x000006dc   Code   RO         3112    i._printf_core      mc_w.l(printfa.o)
    0x08008dd0   0x08008dd0   0x00000024   Code   RO         3113    i._printf_post_padding  mc_w.l(printfa.o)
    0x08008df4   0x08008df4   0x0000002e   Code   RO         3114    i._printf_pre_padding  mc_w.l(printfa.o)
    0x08008e22   0x08008e22   0x00000016   Code   RO         3115    i._snputc           mc_w.l(printfa.o)
    0x08008e38   0x08008e38   0x00000228   Data   RO          358    .rodata.F6X8        oled.o
    0x08009060   0x08009060   0x000005f0   Data   RO          363    .rodata.F8X16       oled.o
    0x08009650   0x08009650   0x0000000d   Data   RO          620    .rodata.LfnOfs      ff.o
    0x0800965d   0x0800965d   0x00000001   PAD
    0x0800965e   0x0800965e   0x00000100   Data   RO          633    .rodata.Tbl         ccsbcs.o
    0x0800975e   0x0800975e   0x00000080   Data   RO          618    .rodata.create_name.excvt  ff.o
    0x080097de   0x080097de   0x00000008   Data   RO         2024    .rodata.cst8        gd32f4xx_rcu.o
    0x080097e6   0x080097e6   0x0000000e   Data   RO          652    .rodata.defaul_ebtn_param  btn_app.o
    0x080097f4   0x080097f4   0x00000013   Data   RO          743    .rodata.sd_fatfs_long_name_test.long_msg  sd_app.o
    0x08009807   0x08009807   0x00000069   Data   RO          742    .rodata.sd_fatfs_long_name_test.long_path  sd_app.o
    0x08009870   0x08009870   0x00000049   Data   RO           38    .rodata.str1.1      main.o
    0x080098b9   0x080098b9   0x000000fc   Data   RO          161    .rodata.str1.1      gd25qxx.o
    0x080099b5   0x080099b5   0x00000010   Data   RO          619    .rodata.str1.1      ff.o
    0x080099c5   0x080099c5   0x000003cb   Data   RO          732    .rodata.str1.1      sd_app.o
    0x08009d90   0x08009d90   0x0000003f   Data   RO          162    .rodata.str1.4      gd25qxx.o
    0x08009dcf   0x08009dcf   0x00000001   PAD
    0x08009dd0   0x08009dd0   0x000003c0   Data   RO          634    .rodata.str2.2      ccsbcs.o
    0x0800a190   0x0800a190   0x00000020   Data   RO         3223    Region$$Table       anon$$obj.o
    0x0800a1b0   0x0800a1b0   0x00000004   Data   RO         2810    .init_array         perf_counter.o
    0x0800a1b4   0x0800a1b0   0x00000000   Data   RO         3161    .init_array         mc_w.l(cpp_init.o)


    Execution Region RW_IRAM1 (Exec base: 0x20000000, Load base: 0x0800a1b8, Size: 0x00002bc0, Max: 0x00030000, ABSOLUTE, COMPRESSED[0x00000070])

    Exec Addr    Load Addr    Size         Type   Attr      Idx    E Section Name        Object

    0x20000000   COMPRESSED   0x00000004   Data   RW         2726    .data.SystemCoreClock  system_gd32f4xx.o
    0x20000004   COMPRESSED   0x000000c4   Data   RW          651    .data.btns          btn_app.o
    0x200000c8   COMPRESSED   0x00000016   Data   RW          362    .data.initcmd1      oled.o
    0x200000de   COMPRESSED   0x00000001   Data   RW          666    .data.led_disp.temp_old  led_app.o
    0x200000df   COMPRESSED   0x00000002   Data   RW          106    .data.oled_data_buf  mcu_cmic_gd32f470vet6.o
    0x200000e1   COMPRESSED   0x00000001   Data   RW          361    .data.s_oled_available  oled.o
    0x200000e2   COMPRESSED   0x00000002   PAD
    0x200000e4   COMPRESSED   0x00000048   Data   RW          692    .data.scheduler_task  scheduler.o
    0x2000012c   COMPRESSED   0x00000001   Data   RW          489    .data.transerror    sdio_sdcard.o
    0x2000012d   COMPRESSED   0x00000003   PAD
    0x20000130   COMPRESSED   0x00000004   Data   RW          488    .data.transmode     sdio_sdcard.o
    0x20000134   COMPRESSED   0x00000006   Data   RW          665    .data.ucLed         led_app.o
    0x2000013a   COMPRESSED   0x00000006   PAD
    0x20000140        -       0x00000004   Zero   RW          616    .bss.FatFs.0        ff.o
    0x20000144        -       0x00000002   Zero   RW          617    .bss.Fsid           ff.o
    0x20000146        -       0x00000002   Zero   RW          516    .bss.GD30AD3344_InitStruct  gd30ad3344.o
    0x20000148        -       0x00000020   Zero   RW         2809    .bss.PERFC          perf_counter.o
    0x20000168        -       0x00000004   Zero   RW          114    .bss.RTCSRC_FLAG    mcu_cmic_gd32f470vet6.o
    0x2000016c        -       0x00000004   Zero   RW          119    .bss.adc_value      mcu_cmic_gd32f470vet6.o
    0x20000170        -       0x00000004   Zero   RW          739    .bss.br             sd_app.o
    0x20000174        -       0x00000080   Zero   RW          738    .bss.buffer         sd_app.o
    0x200001f4        -       0x00000004   Zero   RW          737    .bss.bw             sd_app.o
    0x200001f8        -       0x00000001   Zero   RW          478    .bss.cardtype       sdio_sdcard.o
    0x200001f9   COMPRESSED   0x00000001   PAD
    0x200001fa        -       0x00000002   Zero   RW          111    .bss.convertarr     mcu_cmic_gd32f470vet6.o
    0x200001fc        -       0x00000004   Zero   RW           54    .bss.delay          systick.o
    0x20000200        -       0x0000003c   Zero   RW          418    .bss.ebtn_default   ebtn.o
    0x2000023c        -       0x00000224   Zero   RW          734    .bss.fdst           sd_app.o
    0x20000460        -       0x00000080   Zero   RW          735    .bss.filebuffer     sd_app.o
    0x200004e0        -       0x00000230   Zero   RW          733    .bss.fs             sd_app.o
    0x20000710        -       0x00000004   Zero   RW         2807    .bss.g_nOffset      perf_counter.o
    0x20000714        -       0x00000004   Zero   RW          493    .bss.number_bytes   sdio_sdcard.o
    0x20000718        -       0x00000002   Zero   RW          105    .bss.oled_cmd_buf   mcu_cmic_gd32f470vet6.o
    0x2000071a   COMPRESSED   0x00000002   PAD
    0x2000071c        -       0x00000004   Zero   RW         1918    .bss.pmu_to_deepsleepmode.reg_snap.0  gd32f4xx_pmu.o
    0x20000720        -       0x00000004   Zero   RW         1919    .bss.pmu_to_deepsleepmode.reg_snap.1  gd32f4xx_pmu.o
    0x20000724        -       0x00000004   Zero   RW         1920    .bss.pmu_to_deepsleepmode.reg_snap.2  gd32f4xx_pmu.o
    0x20000728        -       0x00000004   Zero   RW         1921    .bss.pmu_to_deepsleepmode.reg_snap.3  gd32f4xx_pmu.o
    0x2000072c        -       0x00000004   Zero   RW          112    .bss.prescaler_a    mcu_cmic_gd32f470vet6.o
    0x20000730        -       0x00000004   Zero   RW          113    .bss.prescaler_s    mcu_cmic_gd32f470vet6.o
    0x20000734        -       0x00000002   Zero   RW          731    .bss.result         sd_app.o
    0x20000736   COMPRESSED   0x00000002   PAD
    0x20000738        -       0x00000014   Zero   RW          120    .bss.rtc_initpara   mcu_cmic_gd32f470vet6.o
    0x2000074c        -       0x00000001   Zero   RW          706    .bss.rx_flag        usart_app.o
    0x2000074d   COMPRESSED   0x00000003   PAD
    0x20000750        -       0x00000004   Zero   RW          479    .bss.sd_cid.0       sdio_sdcard.o
    0x20000754        -       0x00000004   Zero   RW          480    .bss.sd_cid.1       sdio_sdcard.o
    0x20000758        -       0x00000004   Zero   RW          481    .bss.sd_cid.2       sdio_sdcard.o
    0x2000075c        -       0x00000004   Zero   RW          482    .bss.sd_cid.3       sdio_sdcard.o
    0x20000760        -       0x00000004   Zero   RW          484    .bss.sd_csd.0       sdio_sdcard.o
    0x20000764        -       0x00000004   Zero   RW          485    .bss.sd_csd.1       sdio_sdcard.o
    0x20000768        -       0x00000004   Zero   RW          486    .bss.sd_csd.2       sdio_sdcard.o
    0x2000076c        -       0x00000004   Zero   RW          487    .bss.sd_csd.3       sdio_sdcard.o
    0x20000770        -       0x00000002   Zero   RW          483    .bss.sd_rca         sdio_sdcard.o
    0x20000772   COMPRESSED   0x00000002   PAD
    0x20000774        -       0x00000008   Zero   RW          477    .bss.sd_scr         sdio_sdcard.o
    0x2000077c        -       0x0000000c   Zero   RW          110    .bss.spi1_receive_array  mcu_cmic_gd32f470vet6.o
    0x20000788        -       0x0000000c   Zero   RW          109    .bss.spi1_send_array  mcu_cmic_gd32f470vet6.o
    0x20000794        -       0x0000000c   Zero   RW          108    .bss.spi3_receive_array  mcu_cmic_gd32f470vet6.o
    0x200007a0        -       0x0000000c   Zero   RW          107    .bss.spi3_send_array  mcu_cmic_gd32f470vet6.o
    0x200007ac        -       0x00000001   Zero   RW          492    .bss.stopcondition  sdio_sdcard.o
    0x200007ad        -       0x00000001   Zero   RW          691    .bss.task_num       scheduler.o
    0x200007ae   COMPRESSED   0x00000002   PAD
    0x200007b0        -       0x00000004   Zero   RW          491    .bss.totalnumber_bytes  sdio_sdcard.o
    0x200007b4        -       0x00000004   Zero   RW          490    .bss.transend       sdio_sdcard.o
    0x200007b8        -       0x00000002   Zero   RW          705    .bss.tx_count       usart_app.o
    0x200007ba   COMPRESSED   0x00000002   PAD
    0x200007bc        -       0x00000200   Zero   RW          707    .bss.uart_dma_buffer  usart_app.o
    0x200009bc        -       0x00000200   Zero   RW          115    .bss.usart0_rxbuffer  mcu_cmic_gd32f470vet6.o
    0x20000bbc        -       0x00000002   Zero   RW          121    .bss.voltage_mv     mcu_cmic_gd32f470vet6.o
    0x20000bbe   COMPRESSED   0x00000002   PAD
    0x20000bc0        -       0x00002000   Zero   RW         2710    STACK               startup_gd32f450_470.o


==============================================================================

Image component sizes


      Code (inc. data)   RO Data    RW Data    ZI Data      Debug   Object Name

        40          0          0          0          0        334   adc_app.o
       310         16         14        196          0       2833   btn_app.o
       120          0       1216          0          0       1339   ccsbcs.o
       236          0          0          0          0       4724   diskio.o
      1678          0          0          0         60      17778   ebtn.o
      5804          0        157          0          6      40343   ff.o
      1256        148        315          0          0       8165   gd25qxx.o
       482          8          0          0          2       4828   gd30ad3344.o
       540          0          0          0          0      11777   gd32f4xx_adc.o
       208          0          0          0          0       8123   gd32f4xx_dac.o
       638          0          0          0          0      11089   gd32f4xx_dma.o
       186          0          0          0          0       3242   gd32f4xx_exti.o
       282          0          0          0          0       5337   gd32f4xx_gpio.o
       444          0          0          0          0      11685   gd32f4xx_i2c.o
       226          0          0          0          0       3765   gd32f4xx_it.o
       216          0          0          0          0       6659   gd32f4xx_misc.o
       298          0          0          0         16       5913   gd32f4xx_pmu.o
       800         50          8          0          0      20050   gd32f4xx_rcu.o
       436          0          0          0          0      13911   gd32f4xx_rtc.o
       626          4          0          0          0       8197   gd32f4xx_sdio.o
       112          0          0          0          0       9413   gd32f4xx_spi.o
       132          4          0          0          0       3883   gd32f4xx_syscfg.o
       548          0          0          0          0      21374   gd32f4xx_timer.o
       566          0          0          0          0      13433   gd32f4xx_usart.o
       162          0          0          7          0       1244   led_app.o
       352        144         73          0          0       1693   main.o
      2794          0          0          2        602      13210   mcu_cmic_gd32f470vet6.o
      1564          0       2072         23          0      11865   oled.o
       338         72          0          0          0       1697   oled_app.o
       692          8          4          0         36      17628   perf_counter.o
       170          0          0          0          0       3488   perfc_port_default.o
        64         20          0          0          0        468   rtc_app.o
        92          0          0         72          1       1328   scheduler.o
      1342        284       1095          0       1374      10808   sd_app.o
      6804          0          0          5         56      24786   sdio_sdcard.o
        36          8        428          0       8192        836   startup_gd32f450_470.o
       700         16          0          4          0       3126   system_gd32f4xx.o
       118          0          0          0          4       4582   systick.o
        36         10          0          0          0        536   systick_wrapper_ual.o
       170          4          0          0        515       1959   usart_app.o

    ----------------------------------------------------------------------
     31892        796       5416        316      10884     337449   Object Totals
         0          0         32          0          0          0   (incl. Generated)
       274          0          2          7         20          0   (incl. Padding)

    ----------------------------------------------------------------------

      Code (inc. data)   RO Data    RW Data    ZI Data      Debug   Library Member Name

        86          0          0          0          0          0   __dczerorl2.o
        40          8          0          0          0         80   cpp_init.o
         0          0          0          0          0          0   entry.o
         0          0          0          0          0          0   entry10a.o
         0          0          0          0          0          0   entry11a.o
         8          4          0          0          0          0   entry2.o
         4          0          0          0          0          0   entry5.o
         0          0          0          0          0          0   entry7b.o
         4          0          0          0          0          0   entry8a.o
         0          0          0          0          0          0   entry8b.o
         8          4          0          0          0          0   entry9a.o
        30          0          0          0          0          0   handlers.o
        48         10          0          0          0         68   init.o
         0          0          0          0          0          0   iusefp.o
        98          0          0          0          0         84   ldiv.o
        30          0          0          0          0         68   llshl.o
        36          0          0          0          0         68   llsshr.o
        32          0          0          0          0         68   llushr.o
        26          0          0          0          0         80   memcmp.o
        36          0          0          0          0         68   memcpya.o
        36          0          0          0          0        108   memseta.o
      2300         86          0          0          0        516   printfa.o
        14          0          0          0          0         68   strlen.o
        44          0          0          0          0         80   uidiv.o
        98          0          0          0          0         92   uldiv.o
        48          0          0          0          0         68   cdrcmple.o
       334          0          0          0          0        148   dadd.o
       222          0          0          0          0        100   ddiv.o
       186          0          0          0          0        176   depilogue.o
        48          0          0          0          0         68   dfixul.o
       228          0          0          0          0         96   dmul.o
        38          0          0          0          0         68   f2d.o

    ----------------------------------------------------------------------
      4088        112          0          0          0       2172   Library Totals
         6          0          0          0          0          0   (incl. Padding)

    ----------------------------------------------------------------------

      Code (inc. data)   RO Data    RW Data    ZI Data      Debug   Library Name

      2978        112          0          0          0       1448   mc_w.l
      1104          0          0          0          0        724   mf_w.l

    ----------------------------------------------------------------------
      4088        112          0          0          0       2172   Library Totals

    ----------------------------------------------------------------------

==============================================================================


      Code (inc. data)   RO Data    RW Data    ZI Data      Debug   

     35980        908       5416        316      10884     337921   Grand Totals
     35980        908       5416        112      10884     337921   ELF Image Totals (compressed)
     35980        908       5416        112          0          0   ROM Totals

==============================================================================

    Total RO  Size (Code + RO Data)                41396 (  40.43kB)
    Total RW  Size (RW Data + ZI Data)             11200 (  10.94kB)
    Total ROM Size (Code + RO Data + RW Data)      41508 (  40.54kB)

==============================================================================

