<html>
<body>
<pre>
<h1>µVision Build Log</h1>
<h2>Tool Versions:</h2>
IDE-Version: ¦ÌVision V5.41.0.0
Copyright (C) 2024 ARM Ltd and ARM Germany GmbH. All rights reserved.
License Information: 11 925358447@qq.com, 11, LIC=ZB4EI-T5YEP-PC2J8-3KNZM-AVNYI-1215J
 
Tool Versions:
Toolchain:       MDK-ARM Plus  Version: 5.41.0.0
Toolchain Path:  E:\Keilv5\ARM\ARMCLANG\Bin
C Compiler:      ArmClang.exe V6.22
Assembler:       Armasm.exe V6.22
Linker/Locator:  ArmLink.exe V6.22
Library Manager: ArmAr.exe V6.22
Hex Converter:   FromElf.exe V6.22
CPU DLL:         SARMCM3.DLL V5.41.0.0
Dialog DLL:      DCM.DLL V1.17.5.0
Target DLL:      CMSIS_AGDI.dll V1.33.21.0
Dialog DLL:      TCM.DLL V1.56.4.0
 
<h2>Project:</h2>
E:\MICU\CIMC-TEST\MDK\Project.uvprojx
Project File Date:  05/13/2026

<h2>Output:</h2>
*** Using Compiler 'V6.22', folder: 'E:\Keilv5\ARM\ARMCLANG\Bin'
Build target 'McuSTUDIO_F470VET6'
compiling btn_app.c...
linking...
Program Size: Code=36048 RO-data=5416 RW-data=316 ZI-data=10884  
FromELF: creating hex file...
After Build - User command #1: ./keil5_disp_size_bar.exe
ram:
  RW_IRAM1 :0x20000000
  192.00 KB :|¡ö___________________|    5.70 % (   10.94 KB /   192.00 KB) [185408 B]
flash:
  ER_IROM1 :0x8000000
  512.00 KB :|¡ö___________________|    7.91 % (   40.49 KB /   512.00 KB) [482824 B]
After Build - User command #2: fromelf --bin --output=.\output\App.bin .\output\Project.axf
".\output\Project.axf" - 0 Error(s), 0 Warning(s).

<h2>Software Packages used:</h2>

Package Vendor: GigaDevice
                https://gd32mcu.com/data/documents/pack/GigaDevice.GD32F4xx_DFP.3.0.3.pack
                GigaDevice::GD32F4xx_DFP@3.0.3
                GigaDevice GD32F4xx Series Device Support and Examples

<h2>Collection of Component include folders:</h2>
  E:/Keilv5/ARM/Packs/GigaDevice/GD32F4xx_DFP/3.0.3/Device/F4XX/Include

<h2>Collection of Component Files used:</h2>
Build Time Elapsed:  00:00:01
</pre>
</body>
</html>
